21:03:17:973  INFO 13520 --- [main] com.hmall.HMallApplication               : Starting HMallApplication using Java 11.0.29 on XXX的ROG魔霸7plus with PID 13520 (C:\Program Files\directx\Desktop\JAVA\hmall\hmall\hm-service\target\classes started by 12902 in C:\Program Files\directx\Desktop\JAVA\hmall\hmall)
21:03:17:979 DEBUG 13520 --- [main] com.hmall.HMallApplication               : Running with Spring Boot v2.7.12, Spring v5.3.27
21:03:17:980  INFO 13520 --- [main] com.hmall.HMallApplication               : The following 1 profile is active: "local"
21:03:18:963  INFO 13520 --- [main] .s.d.r.c.RepositoryConfigurationDelegate : Multiple Spring Data modules found, entering strict repository configuration mode
21:03:18:965  INFO 13520 --- [main] .s.d.r.c.RepositoryConfigurationDelegate : Bootstrapping Spring Data Redis repositories in DEFAULT mode.
21:03:18:995  INFO 13520 --- [main] .s.d.r.c.RepositoryConfigurationDelegate : Finished Spring Data repository scanning in 15 ms. Found 0 Redis repository interfaces.
21:03:19:349  INFO 13520 --- [main] o.s.b.w.embedded.tomcat.TomcatWebServer  : Tomcat initialized with port(s): 8080 (http)
21:03:19:355  INFO 13520 --- [main] o.apache.catalina.core.StandardService   : Starting service [Tomcat]
21:03:19:356  INFO 13520 --- [main] org.apache.catalina.core.StandardEngine  : Starting Servlet engine: [Apache Tomcat/9.0.75]
21:03:19:448  INFO 13520 --- [main] o.a.c.c.C.[Tomcat].[localhost].[/]       : Initializing Spring embedded WebApplicationContext
21:03:19:449  INFO 13520 --- [main] w.s.c.ServletWebServerApplicationContext : Root WebApplicationContext: initialization completed in 1438 ms
21:03:20:800  INFO 13520 --- [main] pertySourcedRequestMappingHandlerMapping : Mapped URL path [/v2/api-docs] onto method [springfox.documentation.swagger2.web.Swagger2ControllerWebMvc#getDocumentation(String, HttpServletRequest)]
21:03:21:049  WARN 13520 --- [main] ConfigServletWebServerApplicationContext : Exception encountered during context initialization - cancelling refresh attempt: org.springframework.context.ApplicationContextException: Failed to start bean 'webServerStartStop'; nested exception is org.springframework.boot.web.server.PortInUseException: Port 8080 is already in use
21:03:21:068  INFO 13520 --- [main] o.apache.catalina.core.StandardService   : Stopping service [Tomcat]
21:03:21:076  INFO 13520 --- [main] ConditionEvaluationReportLoggingListener : 

Error starting ApplicationContext. To display the conditions report re-run your application with 'debug' enabled.
21:03:21:091 ERROR 13520 --- [main] o.s.b.d.LoggingFailureAnalysisReporter   : 

***************************
APPLICATION FAILED TO START
***************************

Description:

Web server failed to start. Port 8080 was already in use.

Action:

Identify and stop the process that's listening on port 8080 or configure this application to listen on another port.

