20:56:06:730  INFO 10400 --- [main] com.hmall.cart.CartApplication           : The following 1 profile is active: "local"
20:56:07:707  INFO 10400 --- [main] o.s.cloud.context.scope.GenericScope     : BeanFactory id=291b6a51-7d55-3c77-a497-e8e291e92846
20:56:07:759  INFO 10400 --- [main] trationDelegate$BeanPostProcessorChecker : Bean 'io.seata.spring.boot.autoconfigure.SeataCoreAutoConfiguration' of type [io.seata.spring.boot.autoconfigure.SeataCoreAutoConfiguration] is not eligible for getting processed by all BeanPostProcessors (for example: not eligible for auto-proxying)
20:56:07:759  INFO 10400 --- [main] trationDelegate$BeanPostProcessorChecker : Bean 'springApplicationContextProvider' of type [io.seata.spring.boot.autoconfigure.provider.SpringApplicationContextProvider] is not eligible for getting processed by all BeanPostProcessors (for example: not eligible for auto-proxying)
20:56:07:759  INFO 10400 --- [main] trationDelegate$BeanPostProcessorChecker : Bean 'io.seata.spring.boot.autoconfigure.SeataAutoConfiguration' of type [io.seata.spring.boot.autoconfigure.SeataAutoConfiguration] is not eligible for getting processed by all BeanPostProcessors (for example: not eligible for auto-proxying)
20:56:07:782  INFO 10400 --- [main] trationDelegate$BeanPostProcessorChecker : Bean 'failureHandler' of type [io.seata.tm.api.DefaultFailureHandlerImpl] is not eligible for getting processed by all BeanPostProcessors (for example: not eligible for auto-proxying)
20:56:07:784  INFO 10400 --- [main] trationDelegate$BeanPostProcessorChecker : Bean 'org.springframework.cloud.commons.config.CommonsConfigAutoConfiguration' of type [org.springframework.cloud.commons.config.CommonsConfigAutoConfiguration] is not eligible for getting processed by all BeanPostProcessors (for example: not eligible for auto-proxying)
20:56:07:785  INFO 10400 --- [main] trationDelegate$BeanPostProcessorChecker : Bean 'org.springframework.cloud.client.loadbalancer.LoadBalancerDefaultMappingsProviderAutoConfiguration' of type [org.springframework.cloud.client.loadbalancer.LoadBalancerDefaultMappingsProviderAutoConfiguration] is not eligible for getting processed by all BeanPostProcessors (for example: not eligible for auto-proxying)
20:56:07:785  INFO 10400 --- [main] trationDelegate$BeanPostProcessorChecker : Bean 'loadBalancerClientsDefaultsMappingsProvider' of type [org.springframework.cloud.client.loadbalancer.LoadBalancerDefaultMappingsProviderAutoConfiguration$$Lambda$564/0x00000008405b5840] is not eligible for getting processed by all BeanPostProcessors (for example: not eligible for auto-proxying)
20:56:07:786  INFO 10400 --- [main] trationDelegate$BeanPostProcessorChecker : Bean 'defaultsBindHandlerAdvisor' of type [org.springframework.cloud.commons.config.DefaultsBindHandlerAdvisor] is not eligible for getting processed by all BeanPostProcessors (for example: not eligible for auto-proxying)
20:56:07:787  INFO 10400 --- [main] trationDelegate$BeanPostProcessorChecker : Bean 'springCloudAlibabaConfiguration' of type [io.seata.spring.boot.autoconfigure.properties.SpringCloudAlibabaConfiguration] is not eligible for getting processed by all BeanPostProcessors (for example: not eligible for auto-proxying)
20:56:07:789  INFO 10400 --- [main] trationDelegate$BeanPostProcessorChecker : Bean 'seataProperties' of type [io.seata.spring.boot.autoconfigure.properties.SeataProperties] is not eligible for getting processed by all BeanPostProcessors (for example: not eligible for auto-proxying)
20:56:07:790  INFO 10400 --- [main] i.s.s.b.a.SeataAutoConfiguration         : Automatically configure Seata
20:56:07:832  INFO 10400 --- [main] io.seata.config.ConfigurationFactory     : load Configuration from :Spring Configuration
20:56:07:836  INFO 10400 --- [main] io.seata.config.ConfigurationFactory     : load Configuration from :Spring Configuration
20:56:07:876  INFO 10400 --- [main] i.s.s.a.GlobalTransactionScanner         : Initializing Global Transaction Clients ... 
20:56:07:922  INFO 10400 --- [main] i.s.core.rpc.netty.NettyClientBootstrap  : NettyClientBootstrap has started
20:56:08:043  INFO 10400 --- [main] com.alibaba.nacos.common.remote.client   : [RpcClientFactory] create a new rpc client of 7e5ef9b7-0adc-4a11-92dd-d85ca13f44e4
20:56:08:043  INFO 10400 --- [main] com.alibaba.nacos.common.remote.client   : [7e5ef9b7-0adc-4a11-92dd-d85ca13f44e4] RpcClient init label, labels = {module=naming, source=sdk}
20:56:08:044  INFO 10400 --- [main] com.alibaba.nacos.common.remote.client   : [7e5ef9b7-0adc-4a11-92dd-d85ca13f44e4] RpcClient init, ServerListFactory = com.alibaba.nacos.client.naming.core.ServerListManager
20:56:08:044  INFO 10400 --- [main] com.alibaba.nacos.common.remote.client   : [7e5ef9b7-0adc-4a11-92dd-d85ca13f44e4] Registry connection listener to current client:com.alibaba.nacos.client.naming.remote.gprc.redo.NamingGrpcRedoService
20:56:08:044  INFO 10400 --- [main] com.alibaba.nacos.common.remote.client   : [7e5ef9b7-0adc-4a11-92dd-d85ca13f44e4] Register server push request handler:com.alibaba.nacos.client.naming.remote.gprc.NamingPushRequestHandler
20:56:08:045  INFO 10400 --- [main] com.alibaba.nacos.common.remote.client   : [7e5ef9b7-0adc-4a11-92dd-d85ca13f44e4] Try to connect to server on start up, server: {serverIp = '192.168.23.128', server main port = 8848}
20:56:08:166  INFO 10400 --- [main] com.alibaba.nacos.common.remote.client   : [7e5ef9b7-0adc-4a11-92dd-d85ca13f44e4] Success to connect to server [192.168.23.128:8848] on start up, connectionId = 1766062572709_192.168.23.1_58688
20:56:08:166  INFO 10400 --- [main] com.alibaba.nacos.common.remote.client   : [7e5ef9b7-0adc-4a11-92dd-d85ca13f44e4] Register server push request handler:com.alibaba.nacos.common.remote.client.RpcClient$ConnectResetRequestHandler
20:56:08:166  INFO 10400 --- [main] com.alibaba.nacos.common.remote.client   : [7e5ef9b7-0adc-4a11-92dd-d85ca13f44e4] Register server push request handler:com.alibaba.nacos.common.remote.client.RpcClient$$Lambda$471/0x000000084036b040
20:56:08:166  INFO 10400 --- [com.alibaba.nacos.client.remote.worker] com.alibaba.nacos.common.remote.client   : [7e5ef9b7-0adc-4a11-92dd-d85ca13f44e4] Notify connected event to listeners.
20:56:08:211  INFO 10400 --- [main] i.s.c.r.netty.NettyClientChannelManager  : will connect to 192.168.23.128:8099
20:56:08:505  INFO 10400 --- [main] i.s.core.rpc.netty.NettyPoolableFactory  : NettyPool create channel to transactionRole:TMROLE,address:192.168.23.128:8099,msg:< RegisterTMRequest{applicationId='cart-service', transactionServiceGroup='hmall'} >
20:56:08:775  INFO 10400 --- [nacos-grpc-client-executor-6] com.alibaba.nacos.common.remote.client   : [7e5ef9b7-0adc-4a11-92dd-d85ca13f44e4] Receive server push request, request = NotifySubscriberRequest, requestId = 4
20:56:08:785  INFO 10400 --- [nacos-grpc-client-executor-6] com.alibaba.nacos.common.remote.client   : [7e5ef9b7-0adc-4a11-92dd-d85ca13f44e4] Ack server push request, request = NotifySubscriberRequest, requestId = 4
20:56:08:922  INFO 10400 --- [main] i.s.c.rpc.netty.TmNettyRemotingClient    : register TM success. client version:1.5.2, server version:1.5.2,channel:[id: 0xd7e71255, L:/192.168.23.1:58698 - R:/192.168.23.128:8099]
20:56:08:926  INFO 10400 --- [main] i.s.core.rpc.netty.NettyPoolableFactory  : register success, cost 51 ms, version:1.5.2,role:TMROLE,channel:[id: 0xd7e71255, L:/192.168.23.1:58698 - R:/192.168.23.128:8099]
20:56:08:927  INFO 10400 --- [main] i.s.s.a.GlobalTransactionScanner         : Transaction Manager Client is initialized. applicationId[cart-service] txServiceGroup[hmall]
20:56:08:935  INFO 10400 --- [main] io.seata.rm.datasource.AsyncWorker       : Async Commit Buffer Limit: 10000
20:56:08:936  INFO 10400 --- [main] i.s.rm.datasource.xa.ResourceManagerXA   : ResourceManagerXA init ...
20:56:08:942  INFO 10400 --- [main] i.s.core.rpc.netty.NettyClientBootstrap  : NettyClientBootstrap has started
20:56:08:943  INFO 10400 --- [main] i.s.s.a.GlobalTransactionScanner         : Resource Manager is initialized. applicationId[cart-service] txServiceGroup[hmall]
20:56:08:943  INFO 10400 --- [main] i.s.s.a.GlobalTransactionScanner         : Global Transaction Clients are initialized. 
20:56:08:945  INFO 10400 --- [main] trationDelegate$BeanPostProcessorChecker : Bean 'io.seata.spring.boot.autoconfigure.SeataDataSourceAutoConfiguration' of type [io.seata.spring.boot.autoconfigure.SeataDataSourceAutoConfiguration] is not eligible for getting processed by all BeanPostProcessors (for example: not eligible for auto-proxying)
20:56:09:129  INFO 10400 --- [main] trationDelegate$BeanPostProcessorChecker : Bean 'com.alibaba.cloud.seata.feign.SeataFeignClientAutoConfiguration$FeignBeanPostProcessorConfiguration' of type [com.alibaba.cloud.seata.feign.SeataFeignClientAutoConfiguration$FeignBeanPostProcessorConfiguration] is not eligible for getting processed by all BeanPostProcessors (for example: not eligible for auto-proxying)
20:56:09:131  INFO 10400 --- [main] trationDelegate$BeanPostProcessorChecker : Bean 'seataFeignObjectWrapper' of type [com.alibaba.cloud.seata.feign.SeataFeignObjectWrapper] is not eligible for getting processed by all BeanPostProcessors (for example: not eligible for auto-proxying)
20:56:09:405  INFO 10400 --- [main] o.s.b.w.embedded.tomcat.TomcatWebServer  : Tomcat initialized with port(s): 8082 (http)
20:56:09:415  INFO 10400 --- [main] o.apache.catalina.core.StandardService   : Starting service [Tomcat]
20:56:09:416  INFO 10400 --- [main] org.apache.catalina.core.StandardEngine  : Starting Servlet engine: [Apache Tomcat/9.0.75]
20:56:09:587  INFO 10400 --- [main] o.a.c.c.C.[Tomcat].[localhost].[/]       : Initializing Spring embedded WebApplicationContext
20:56:09:587  INFO 10400 --- [main] w.s.c.ServletWebServerApplicationContext : Root WebApplicationContext: initialization completed in 2832 ms
20:56:09:867  INFO 10400 --- [main] o.s.c.openfeign.FeignClientFactoryBean   : For 'item-service' URL not provided. Will try picking an instance via load-balancing.
20:56:10:265  INFO 10400 --- [main] com.zaxxer.hikari.HikariDataSource       : HikariPool-1 - Starting...
20:56:10:491  INFO 10400 --- [main] com.zaxxer.hikari.HikariDataSource       : HikariPool-1 - Start completed.
20:56:10:567  INFO 10400 --- [main] i.s.c.r.netty.NettyClientChannelManager  : will connect to 192.168.23.128:8099
20:56:10:567  INFO 10400 --- [main] i.s.c.rpc.netty.RmNettyRemotingClient    : RM will register :jdbc:mysql://192.168.23.128:3306/hm-cart
20:56:10:567  INFO 10400 --- [main] i.s.core.rpc.netty.NettyPoolableFactory  : NettyPool create channel to transactionRole:RMROLE,address:192.168.23.128:8099,msg:< RegisterRMRequest{resourceIds='jdbc:mysql://192.168.23.128:3306/hm-cart', applicationId='cart-service', transactionServiceGroup='hmall'} >
20:56:10:581  INFO 10400 --- [main] i.s.c.rpc.netty.RmNettyRemotingClient    : register RM success. client version:1.5.2, server version:1.5.2,channel:[id: 0xe3445236, L:/192.168.23.1:64470 - R:/192.168.23.128:8099]
20:56:10:581  INFO 10400 --- [main] i.s.core.rpc.netty.NettyPoolableFactory  : register success, cost 11 ms, version:1.5.2,role:RMROLE,channel:[id: 0xe3445236, L:/192.168.23.1:64470 - R:/192.168.23.128:8099]
20:56:11:303  INFO 10400 --- [main] c.a.c.sentinel.SentinelWebMvcConfigurer  : [Sentinel Starter] register SentinelWebInterceptor with urlPatterns: [/**].
20:56:12:099  INFO 10400 --- [main] pertySourcedRequestMappingHandlerMapping : Mapped URL path [/v2/api-docs] onto method [springfox.documentation.swagger2.web.Swagger2ControllerWebMvc#getDocumentation(String, HttpServletRequest)]
20:56:13:128  INFO 10400 --- [main] com.alibaba.nacos.common.remote.client   : [RpcClientFactory] create a new rpc client of 925d95d3-4d3b-464c-8825-eaa58c8e3393
20:56:13:129  INFO 10400 --- [main] com.alibaba.nacos.common.remote.client   : [925d95d3-4d3b-464c-8825-eaa58c8e3393] RpcClient init label, labels = {module=naming, source=sdk}
20:56:13:129  INFO 10400 --- [main] com.alibaba.nacos.common.remote.client   : [925d95d3-4d3b-464c-8825-eaa58c8e3393] RpcClient init, ServerListFactory = com.alibaba.nacos.client.naming.core.ServerListManager
20:56:13:129  INFO 10400 --- [main] com.alibaba.nacos.common.remote.client   : [925d95d3-4d3b-464c-8825-eaa58c8e3393] Registry connection listener to current client:com.alibaba.nacos.client.naming.remote.gprc.redo.NamingGrpcRedoService
20:56:13:130  INFO 10400 --- [main] com.alibaba.nacos.common.remote.client   : [925d95d3-4d3b-464c-8825-eaa58c8e3393] Register server push request handler:com.alibaba.nacos.client.naming.remote.gprc.NamingPushRequestHandler
20:56:13:130  INFO 10400 --- [main] com.alibaba.nacos.common.remote.client   : [925d95d3-4d3b-464c-8825-eaa58c8e3393] Try to connect to server on start up, server: {serverIp = '192.168.23.128', server main port = 8848}
20:56:13:256  INFO 10400 --- [main] com.alibaba.nacos.common.remote.client   : [925d95d3-4d3b-464c-8825-eaa58c8e3393] Success to connect to server [192.168.23.128:8848] on start up, connectionId = 1766062577796_192.168.23.1_57626
20:56:13:256  INFO 10400 --- [main] com.alibaba.nacos.common.remote.client   : [925d95d3-4d3b-464c-8825-eaa58c8e3393] Register server push request handler:com.alibaba.nacos.common.remote.client.RpcClient$ConnectResetRequestHandler
20:56:13:256  INFO 10400 --- [com.alibaba.nacos.client.remote.worker] com.alibaba.nacos.common.remote.client   : [925d95d3-4d3b-464c-8825-eaa58c8e3393] Notify connected event to listeners.
20:56:13:256  INFO 10400 --- [main] com.alibaba.nacos.common.remote.client   : [925d95d3-4d3b-464c-8825-eaa58c8e3393] Register server push request handler:com.alibaba.nacos.common.remote.client.RpcClient$$Lambda$471/0x000000084036b040
20:56:13:302  INFO 10400 --- [main] o.s.b.w.embedded.tomcat.TomcatWebServer  : Tomcat started on port(s): 8082 (http) with context path ''
20:56:13:315  INFO 10400 --- [main] c.a.c.n.registry.NacosServiceRegistry    : nacos registry, DEFAULT_GROUP cart-service 192.168.15.1:8082 register finished
20:56:13:796  INFO 10400 --- [nacos-grpc-client-executor-7] com.alibaba.nacos.common.remote.client   : [925d95d3-4d3b-464c-8825-eaa58c8e3393] Receive server push request, request = NotifySubscriberRequest, requestId = 6
20:56:13:808  INFO 10400 --- [nacos-grpc-client-executor-7] com.alibaba.nacos.common.remote.client   : [925d95d3-4d3b-464c-8825-eaa58c8e3393] Ack server push request, request = NotifySubscriberRequest, requestId = 6
20:56:14:092  INFO 10400 --- [main] d.s.w.p.DocumentationPluginsBootstrapper : Documentation plugins bootstrapped
20:56:14:095  INFO 10400 --- [main] d.s.w.p.DocumentationPluginsBootstrapper : Found 1 custom documentation plugin(s)
20:56:14:116  INFO 10400 --- [main] s.d.s.w.s.ApiListingReferenceScanner     : Scanning for api listing references
20:56:14:187  INFO 10400 --- [main] o.s.a.r.c.CachingConnectionFactory       : Attempting to connect to: [192.168.23.128:5672]
20:56:14:249  INFO 10400 --- [main] o.s.a.r.c.CachingConnectionFactory       : Created new connection: rabbitConnectionFactory#53f18591:0/SimpleConnection@302692b1 [delegate=amqp://hmall@192.168.23.128:5672//hmall, localPort= 56140]
20:56:14:351  INFO 10400 --- [main] com.hmall.cart.CartApplication           : Started CartApplication in 10.821 seconds (JVM running for 13.034)
20:56:14:356  INFO 10400 --- [main] c.a.c.n.refresh.NacosContextRefresher    : [Nacos Config] Listening config: dataId=cart-service, group=DEFAULT_GROUP
20:56:14:372  INFO 10400 --- [main] c.a.c.n.refresh.NacosContextRefresher    : [Nacos Config] Listening config: dataId=cart-service.yaml, group=DEFAULT_GROUP
20:56:14:373  INFO 10400 --- [main] c.a.c.n.refresh.NacosContextRefresher    : [Nacos Config] Listening config: dataId=cart-service-local.yaml, group=DEFAULT_GROUP
21:43:49:807  INFO 10400 --- [http-nio-8082-exec-1] o.a.c.c.C.[Tomcat].[localhost].[/]       : Initializing Spring DispatcherServlet 'dispatcherServlet'
21:43:49:823  INFO 10400 --- [http-nio-8082-exec-1] o.s.web.servlet.DispatcherServlet        : Initializing Servlet 'dispatcherServlet'
21:43:49:949  INFO 10400 --- [http-nio-8082-exec-1] o.s.web.servlet.DispatcherServlet        : Completed initialization in 125 ms
21:43:50:841 DEBUG 10400 --- [http-nio-8082-exec-1] c.h.cart.mapper.CartMapper.selectList    : ==>  Preparing: SELECT id,user_id,item_id,num,name,spec,price,image,create_time,update_time FROM cart WHERE (user_id = ?)
21:43:50:883 DEBUG 10400 --- [http-nio-8082-exec-1] c.h.cart.mapper.CartMapper.selectList    : ==> Parameters: 1(Long)
21:43:50:934 DEBUG 10400 --- [http-nio-8082-exec-1] c.h.cart.mapper.CartMapper.selectList    : <==      Total: 2
21:43:51:026 DEBUG 10400 --- [http-nio-8082-exec-1] com.hmall.api.client.ItemClient          : [ItemClient#queryItemByIds] ---> GET http://item-service/items?ids=100001511821&ids=2030774 HTTP/1.1
21:43:51:027 DEBUG 10400 --- [http-nio-8082-exec-1] com.hmall.api.client.ItemClient          : [ItemClient#queryItemByIds] user-info: 1
21:43:51:027 DEBUG 10400 --- [http-nio-8082-exec-1] com.hmall.api.client.ItemClient          : [ItemClient#queryItemByIds] ---> END HTTP (0-byte body)
21:43:52:027  INFO 10400 --- [nacos-grpc-client-executor-600] com.alibaba.nacos.common.remote.client   : [925d95d3-4d3b-464c-8825-eaa58c8e3393] Receive server push request, request = NotifySubscriberRequest, requestId = 47
21:43:52:028  INFO 10400 --- [nacos-grpc-client-executor-600] com.alibaba.nacos.common.remote.client   : [925d95d3-4d3b-464c-8825-eaa58c8e3393] Ack server push request, request = NotifySubscriberRequest, requestId = 47
21:43:52:707 DEBUG 10400 --- [http-nio-8082-exec-1] com.hmall.api.client.ItemClient          : [ItemClient#queryItemByIds] <--- HTTP/1.1 200  (1678ms)
21:43:52:707 DEBUG 10400 --- [http-nio-8082-exec-1] com.hmall.api.client.ItemClient          : [ItemClient#queryItemByIds] connection: keep-alive
21:43:52:707 DEBUG 10400 --- [http-nio-8082-exec-1] com.hmall.api.client.ItemClient          : [ItemClient#queryItemByIds] content-type: application/json
21:43:52:708 DEBUG 10400 --- [http-nio-8082-exec-1] com.hmall.api.client.ItemClient          : [ItemClient#queryItemByIds] date: Thu, 18 Dec 2025 13:43:52 GMT
21:43:52:708 DEBUG 10400 --- [http-nio-8082-exec-1] com.hmall.api.client.ItemClient          : [ItemClient#queryItemByIds] keep-alive: timeout=60
21:43:52:708 DEBUG 10400 --- [http-nio-8082-exec-1] com.hmall.api.client.ItemClient          : [ItemClient#queryItemByIds] transfer-encoding: chunked
21:43:52:709 DEBUG 10400 --- [http-nio-8082-exec-1] com.hmall.api.client.ItemClient          : [ItemClient#queryItemByIds] 
21:43:52:710 DEBUG 10400 --- [http-nio-8082-exec-1] com.hmall.api.client.ItemClient          : [ItemClient#queryItemByIds] [{"id":"2030774","name":"外交官（Diplomat）磨砂箱子拉杆箱行李箱男女旅行箱密码箱万向轮箱包TC-15174TT 28英寸 黑色","price":58800,"stock":9997,"image":"https://m.360buyimg.com/mobilecms/s720x720_jfs/t22870/321/1238637240/149996/1aa457fe/5b594396Nfb108e31.jpg!q70.jpg.webp","category":"拉杆箱","brand":"Diplomat","spec":"{\"颜色\": \"黑色\", \"尺寸\": \"28英寸\"}","sold":0,"commentCount":0,"isAD":false,"status":1},{"id":"100001511821","name":"HMDIME 牛仔背带裤女2018秋冬新品 韩版学院风潮流百搭弹力修身补丁学生吊带长裤女 AXNZ369 深蓝 30","price":13700,"stock":9996,"image":"https://m.360buyimg.com/mobilecms/s720x720_jfs/t30892/263/313055374/557791/c98e9abc/5bef811aN036f7c3b.jpg!q70.jpg.webp","category":"牛仔裤","brand":"HMDIME","spec":"{\"颜色\": \"蓝色\", \"尺码\": \"30\"}","sold":0,"commentCount":0,"isAD":false,"status":1}]
21:43:52:711 DEBUG 10400 --- [http-nio-8082-exec-1] com.hmall.api.client.ItemClient          : [ItemClient#queryItemByIds] <--- END HTTP (913-byte body)
21:44:15:392 DEBUG 10400 --- [http-nio-8082-exec-2] c.h.cart.mapper.CartMapper.selectList    : ==>  Preparing: SELECT id,user_id,item_id,num,name,spec,price,image,create_time,update_time FROM cart WHERE (user_id = ?)
21:44:15:396 DEBUG 10400 --- [http-nio-8082-exec-2] c.h.cart.mapper.CartMapper.selectList    : ==> Parameters: 1(Long)
21:44:15:400 DEBUG 10400 --- [http-nio-8082-exec-2] c.h.cart.mapper.CartMapper.selectList    : <==      Total: 2
21:44:15:406 DEBUG 10400 --- [http-nio-8082-exec-2] com.hmall.api.client.ItemClient          : [ItemClient#queryItemByIds] ---> GET http://item-service/items?ids=100001511821&ids=2030774 HTTP/1.1
21:44:15:406 DEBUG 10400 --- [http-nio-8082-exec-2] com.hmall.api.client.ItemClient          : [ItemClient#queryItemByIds] user-info: 1
21:44:15:406 DEBUG 10400 --- [http-nio-8082-exec-2] com.hmall.api.client.ItemClient          : [ItemClient#queryItemByIds] ---> END HTTP (0-byte body)
21:44:15:981 DEBUG 10400 --- [http-nio-8082-exec-2] com.hmall.api.client.ItemClient          : [ItemClient#queryItemByIds] <--- HTTP/1.1 200  (575ms)
21:44:15:981 DEBUG 10400 --- [http-nio-8082-exec-2] com.hmall.api.client.ItemClient          : [ItemClient#queryItemByIds] connection: keep-alive
21:44:15:981 DEBUG 10400 --- [http-nio-8082-exec-2] com.hmall.api.client.ItemClient          : [ItemClient#queryItemByIds] content-type: application/json
21:44:15:983 DEBUG 10400 --- [http-nio-8082-exec-2] com.hmall.api.client.ItemClient          : [ItemClient#queryItemByIds] date: Thu, 18 Dec 2025 13:44:15 GMT
21:44:15:983 DEBUG 10400 --- [http-nio-8082-exec-2] com.hmall.api.client.ItemClient          : [ItemClient#queryItemByIds] keep-alive: timeout=60
21:44:15:983 DEBUG 10400 --- [http-nio-8082-exec-2] com.hmall.api.client.ItemClient          : [ItemClient#queryItemByIds] transfer-encoding: chunked
21:44:15:983 DEBUG 10400 --- [http-nio-8082-exec-2] com.hmall.api.client.ItemClient          : [ItemClient#queryItemByIds] 
21:44:15:984 DEBUG 10400 --- [http-nio-8082-exec-2] com.hmall.api.client.ItemClient          : [ItemClient#queryItemByIds] [{"id":"2030774","name":"外交官（Diplomat）磨砂箱子拉杆箱行李箱男女旅行箱密码箱万向轮箱包TC-15174TT 28英寸 黑色","price":58800,"stock":9997,"image":"https://m.360buyimg.com/mobilecms/s720x720_jfs/t22870/321/1238637240/149996/1aa457fe/5b594396Nfb108e31.jpg!q70.jpg.webp","category":"拉杆箱","brand":"Diplomat","spec":"{\"颜色\": \"黑色\", \"尺寸\": \"28英寸\"}","sold":0,"commentCount":0,"isAD":false,"status":1},{"id":"100001511821","name":"HMDIME 牛仔背带裤女2018秋冬新品 韩版学院风潮流百搭弹力修身补丁学生吊带长裤女 AXNZ369 深蓝 30","price":13700,"stock":9996,"image":"https://m.360buyimg.com/mobilecms/s720x720_jfs/t30892/263/313055374/557791/c98e9abc/5bef811aN036f7c3b.jpg!q70.jpg.webp","category":"牛仔裤","brand":"HMDIME","spec":"{\"颜色\": \"蓝色\", \"尺码\": \"30\"}","sold":0,"commentCount":0,"isAD":false,"status":1}]
21:44:15:985 DEBUG 10400 --- [http-nio-8082-exec-2] com.hmall.api.client.ItemClient          : [ItemClient#queryItemByIds] <--- END HTTP (913-byte body)
21:44:17:622 DEBUG 10400 --- [http-nio-8082-exec-3] c.h.cart.mapper.CartMapper.selectCount   : ==>  Preparing: SELECT COUNT( * ) AS total FROM cart WHERE (user_id = ? AND item_id = ?)
21:44:17:623 DEBUG 10400 --- [http-nio-8082-exec-3] c.h.cart.mapper.CartMapper.selectCount   : ==> Parameters: 1(Long), 100000006163(Long)
21:44:17:627 DEBUG 10400 --- [http-nio-8082-exec-3] c.h.cart.mapper.CartMapper.selectCount   : <==      Total: 1
21:44:17:630 DEBUG 10400 --- [http-nio-8082-exec-3] c.h.cart.mapper.CartMapper.selectCount   : ==>  Preparing: SELECT COUNT( * ) AS total FROM cart WHERE (user_id = ?)
21:44:17:630 DEBUG 10400 --- [http-nio-8082-exec-3] c.h.cart.mapper.CartMapper.selectCount   : ==> Parameters: 1(Long)
21:44:17:631 DEBUG 10400 --- [http-nio-8082-exec-3] c.h.cart.mapper.CartMapper.selectCount   : <==      Total: 1
21:44:17:698 ERROR 10400 --- [http-nio-8082-exec-3] o.a.c.c.C.[.[.[/].[dispatcherServlet]    : Servlet.service() for servlet [dispatcherServlet] in context with path [] threw exception [Request processing failed; nested exception is com.hmall.common.exception.BizIllegalException: 用户购物车课程不能超过2] with root cause

com.hmall.common.exception.BizIllegalException: 用户购物车课程不能超过2
	at com.hmall.cart.service.impl.CartServiceImpl.checkCartsFull(CartServiceImpl.java:145) ~[classes/:na]
	at com.hmall.cart.service.impl.CartServiceImpl.addItem2Cart(CartServiceImpl.java:59) ~[classes/:na]
	at com.hmall.cart.service.impl.CartServiceImpl$$FastClassBySpringCGLIB$$7813828f.invoke(<generated>) ~[classes/:na]
	at org.springframework.cglib.proxy.MethodProxy.invoke(MethodProxy.java:218) ~[spring-core-5.3.27.jar:5.3.27]
	at org.springframework.aop.framework.CglibAopProxy.invokeMethod(CglibAopProxy.java:386) ~[spring-aop-5.3.27.jar:5.3.27]
	at org.springframework.aop.framework.CglibAopProxy.access$000(CglibAopProxy.java:85) ~[spring-aop-5.3.27.jar:5.3.27]
	at org.springframework.aop.framework.CglibAopProxy$DynamicAdvisedInterceptor.intercept(CglibAopProxy.java:704) ~[spring-aop-5.3.27.jar:5.3.27]
	at com.hmall.cart.service.impl.CartServiceImpl$$EnhancerBySpringCGLIB$$294d4d99.addItem2Cart(<generated>) ~[classes/:na]
	at com.hmall.cart.controller.CartController.addItem2Cart(CartController.java:30) ~[classes/:na]
	at java.base/jdk.internal.reflect.NativeMethodAccessorImpl.invoke0(Native Method) ~[na:na]
	at java.base/jdk.internal.reflect.NativeMethodAccessorImpl.invoke(NativeMethodAccessorImpl.java:62) ~[na:na]
	at java.base/jdk.internal.reflect.DelegatingMethodAccessorImpl.invoke(DelegatingMethodAccessorImpl.java:43) ~[na:na]
	at java.base/java.lang.reflect.Method.invoke(Method.java:566) ~[na:na]
	at org.springframework.web.method.support.InvocableHandlerMethod.doInvoke(InvocableHandlerMethod.java:205) ~[spring-web-5.3.27.jar:5.3.27]
	at org.springframework.web.method.support.InvocableHandlerMethod.invokeForRequest(InvocableHandlerMethod.java:150) ~[spring-web-5.3.27.jar:5.3.27]
	at org.springframework.web.servlet.mvc.method.annotation.ServletInvocableHandlerMethod.invokeAndHandle(ServletInvocableHandlerMethod.java:117) ~[spring-webmvc-5.3.27.jar:5.3.27]
	at org.springframework.web.servlet.mvc.method.annotation.RequestMappingHandlerAdapter.invokeHandlerMethod(RequestMappingHandlerAdapter.java:895) ~[spring-webmvc-5.3.27.jar:5.3.27]
	at org.springframework.web.servlet.mvc.method.annotation.RequestMappingHandlerAdapter.handleInternal(RequestMappingHandlerAdapter.java:808) ~[spring-webmvc-5.3.27.jar:5.3.27]
	at org.springframework.web.servlet.mvc.method.AbstractHandlerMethodAdapter.handle(AbstractHandlerMethodAdapter.java:87) ~[spring-webmvc-5.3.27.jar:5.3.27]
	at org.springframework.web.servlet.DispatcherServlet.doDispatch(DispatcherServlet.java:1072) ~[spring-webmvc-5.3.27.jar:5.3.27]
	at org.springframework.web.servlet.DispatcherServlet.doService(DispatcherServlet.java:965) ~[spring-webmvc-5.3.27.jar:5.3.27]
	at org.springframework.web.servlet.FrameworkServlet.processRequest(FrameworkServlet.java:1006) ~[spring-webmvc-5.3.27.jar:5.3.27]
	at org.springframework.web.servlet.FrameworkServlet.doPost(FrameworkServlet.java:909) ~[spring-webmvc-5.3.27.jar:5.3.27]
	at javax.servlet.http.HttpServlet.service(HttpServlet.java:555) ~[tomcat-embed-core-9.0.75.jar:4.0.FR]
	at org.springframework.web.servlet.FrameworkServlet.service(FrameworkServlet.java:883) ~[spring-webmvc-5.3.27.jar:5.3.27]
	at javax.servlet.http.HttpServlet.service(HttpServlet.java:623) ~[tomcat-embed-core-9.0.75.jar:4.0.FR]
	at org.apache.catalina.core.ApplicationFilterChain.internalDoFilter(ApplicationFilterChain.java:209) ~[tomcat-embed-core-9.0.75.jar:9.0.75]
	at org.apache.catalina.core.ApplicationFilterChain.doFilter(ApplicationFilterChain.java:153) ~[tomcat-embed-core-9.0.75.jar:9.0.75]
	at org.apache.tomcat.websocket.server.WsFilter.doFilter(WsFilter.java:51) ~[tomcat-embed-websocket-9.0.75.jar:9.0.75]
	at org.apache.catalina.core.ApplicationFilterChain.internalDoFilter(ApplicationFilterChain.java:178) ~[tomcat-embed-core-9.0.75.jar:9.0.75]
	at org.apache.catalina.core.ApplicationFilterChain.doFilter(ApplicationFilterChain.java:153) ~[tomcat-embed-core-9.0.75.jar:9.0.75]
	at org.springframework.web.filter.RequestContextFilter.doFilterInternal(RequestContextFilter.java:100) ~[spring-web-5.3.27.jar:5.3.27]
	at org.springframework.web.filter.OncePerRequestFilter.doFilter(OncePerRequestFilter.java:117) ~[spring-web-5.3.27.jar:5.3.27]
	at org.apache.catalina.core.ApplicationFilterChain.internalDoFilter(ApplicationFilterChain.java:178) ~[tomcat-embed-core-9.0.75.jar:9.0.75]
	at org.apache.catalina.core.ApplicationFilterChain.doFilter(ApplicationFilterChain.java:153) ~[tomcat-embed-core-9.0.75.jar:9.0.75]
	at org.springframework.web.filter.FormContentFilter.doFilterInternal(FormContentFilter.java:93) ~[spring-web-5.3.27.jar:5.3.27]
	at org.springframework.web.filter.OncePerRequestFilter.doFilter(OncePerRequestFilter.java:117) ~[spring-web-5.3.27.jar:5.3.27]
	at org.apache.catalina.core.ApplicationFilterChain.internalDoFilter(ApplicationFilterChain.java:178) ~[tomcat-embed-core-9.0.75.jar:9.0.75]
	at org.apache.catalina.core.ApplicationFilterChain.doFilter(ApplicationFilterChain.java:153) ~[tomcat-embed-core-9.0.75.jar:9.0.75]
	at org.springframework.web.filter.CharacterEncodingFilter.doFilterInternal(CharacterEncodingFilter.java:201) ~[spring-web-5.3.27.jar:5.3.27]
	at org.springframework.web.filter.OncePerRequestFilter.doFilter(OncePerRequestFilter.java:117) ~[spring-web-5.3.27.jar:5.3.27]
	at org.apache.catalina.core.ApplicationFilterChain.internalDoFilter(ApplicationFilterChain.java:178) ~[tomcat-embed-core-9.0.75.jar:9.0.75]
	at org.apache.catalina.core.ApplicationFilterChain.doFilter(ApplicationFilterChain.java:153) ~[tomcat-embed-core-9.0.75.jar:9.0.75]
	at org.apache.catalina.core.StandardWrapperValve.invoke(StandardWrapperValve.java:167) ~[tomcat-embed-core-9.0.75.jar:9.0.75]
	at org.apache.catalina.core.StandardContextValve.invoke(StandardContextValve.java:90) ~[tomcat-embed-core-9.0.75.jar:9.0.75]
	at org.apache.catalina.authenticator.AuthenticatorBase.invoke(AuthenticatorBase.java:481) ~[tomcat-embed-core-9.0.75.jar:9.0.75]
	at org.apache.catalina.core.StandardHostValve.invoke(StandardHostValve.java:130) ~[tomcat-embed-core-9.0.75.jar:9.0.75]
	at org.apache.catalina.valves.ErrorReportValve.invoke(ErrorReportValve.java:93) ~[tomcat-embed-core-9.0.75.jar:9.0.75]
	at org.apache.catalina.core.StandardEngineValve.invoke(StandardEngineValve.java:74) ~[tomcat-embed-core-9.0.75.jar:9.0.75]
	at org.apache.catalina.connector.CoyoteAdapter.service(CoyoteAdapter.java:343) ~[tomcat-embed-core-9.0.75.jar:9.0.75]
	at org.apache.coyote.http11.Http11Processor.service(Http11Processor.java:390) ~[tomcat-embed-core-9.0.75.jar:9.0.75]
	at org.apache.coyote.AbstractProcessorLight.process(AbstractProcessorLight.java:63) ~[tomcat-embed-core-9.0.75.jar:9.0.75]
	at org.apache.coyote.AbstractProtocol$ConnectionHandler.process(AbstractProtocol.java:926) ~[tomcat-embed-core-9.0.75.jar:9.0.75]
	at org.apache.tomcat.util.net.NioEndpoint$SocketProcessor.doRun(NioEndpoint.java:1791) ~[tomcat-embed-core-9.0.75.jar:9.0.75]
	at org.apache.tomcat.util.net.SocketProcessorBase.run(SocketProcessorBase.java:52) ~[tomcat-embed-core-9.0.75.jar:9.0.75]
	at org.apache.tomcat.util.threads.ThreadPoolExecutor.runWorker(ThreadPoolExecutor.java:1191) ~[tomcat-embed-core-9.0.75.jar:9.0.75]
	at org.apache.tomcat.util.threads.ThreadPoolExecutor$Worker.run(ThreadPoolExecutor.java:659) ~[tomcat-embed-core-9.0.75.jar:9.0.75]
	at org.apache.tomcat.util.threads.TaskThread$WrappingRunnable.run(TaskThread.java:61) ~[tomcat-embed-core-9.0.75.jar:9.0.75]
	at java.base/java.lang.Thread.run(Thread.java:829) ~[na:na]

21:44:25:959 DEBUG 10400 --- [http-nio-8082-exec-4] c.h.cart.mapper.CartMapper.selectList    : ==>  Preparing: SELECT id,user_id,item_id,num,name,spec,price,image,create_time,update_time FROM cart WHERE (user_id = ?)
21:44:25:959 DEBUG 10400 --- [http-nio-8082-exec-4] c.h.cart.mapper.CartMapper.selectList    : ==> Parameters: 1(Long)
21:44:25:973 DEBUG 10400 --- [http-nio-8082-exec-4] c.h.cart.mapper.CartMapper.selectList    : <==      Total: 2
21:44:25:977 DEBUG 10400 --- [http-nio-8082-exec-4] com.hmall.api.client.ItemClient          : [ItemClient#queryItemByIds] ---> GET http://item-service/items?ids=100001511821&ids=2030774 HTTP/1.1
21:44:25:977 DEBUG 10400 --- [http-nio-8082-exec-4] com.hmall.api.client.ItemClient          : [ItemClient#queryItemByIds] user-info: 1
21:44:25:978 DEBUG 10400 --- [http-nio-8082-exec-4] com.hmall.api.client.ItemClient          : [ItemClient#queryItemByIds] ---> END HTTP (0-byte body)
21:44:26:502 DEBUG 10400 --- [http-nio-8082-exec-4] com.hmall.api.client.ItemClient          : [ItemClient#queryItemByIds] <--- HTTP/1.1 200  (523ms)
21:44:26:502 DEBUG 10400 --- [http-nio-8082-exec-4] com.hmall.api.client.ItemClient          : [ItemClient#queryItemByIds] connection: keep-alive
21:44:26:502 DEBUG 10400 --- [http-nio-8082-exec-4] com.hmall.api.client.ItemClient          : [ItemClient#queryItemByIds] content-type: application/json
21:44:26:502 DEBUG 10400 --- [http-nio-8082-exec-4] com.hmall.api.client.ItemClient          : [ItemClient#queryItemByIds] date: Thu, 18 Dec 2025 13:44:26 GMT
21:44:26:502 DEBUG 10400 --- [http-nio-8082-exec-4] com.hmall.api.client.ItemClient          : [ItemClient#queryItemByIds] keep-alive: timeout=60
21:44:26:502 DEBUG 10400 --- [http-nio-8082-exec-4] com.hmall.api.client.ItemClient          : [ItemClient#queryItemByIds] transfer-encoding: chunked
21:44:26:503 DEBUG 10400 --- [http-nio-8082-exec-4] com.hmall.api.client.ItemClient          : [ItemClient#queryItemByIds] 
21:44:26:503 DEBUG 10400 --- [http-nio-8082-exec-4] com.hmall.api.client.ItemClient          : [ItemClient#queryItemByIds] [{"id":"2030774","name":"外交官（Diplomat）磨砂箱子拉杆箱行李箱男女旅行箱密码箱万向轮箱包TC-15174TT 28英寸 黑色","price":58800,"stock":9997,"image":"https://m.360buyimg.com/mobilecms/s720x720_jfs/t22870/321/1238637240/149996/1aa457fe/5b594396Nfb108e31.jpg!q70.jpg.webp","category":"拉杆箱","brand":"Diplomat","spec":"{\"颜色\": \"黑色\", \"尺寸\": \"28英寸\"}","sold":0,"commentCount":0,"isAD":false,"status":1},{"id":"100001511821","name":"HMDIME 牛仔背带裤女2018秋冬新品 韩版学院风潮流百搭弹力修身补丁学生吊带长裤女 AXNZ369 深蓝 30","price":13700,"stock":9996,"image":"https://m.360buyimg.com/mobilecms/s720x720_jfs/t30892/263/313055374/557791/c98e9abc/5bef811aN036f7c3b.jpg!q70.jpg.webp","category":"牛仔裤","brand":"HMDIME","spec":"{\"颜色\": \"蓝色\", \"尺码\": \"30\"}","sold":0,"commentCount":0,"isAD":false,"status":1}]
21:44:26:504 DEBUG 10400 --- [http-nio-8082-exec-4] com.hmall.api.client.ItemClient          : [ItemClient#queryItemByIds] <--- END HTTP (913-byte body)
21:44:33:790 DEBUG 10400 --- [http-nio-8082-exec-5] c.h.cart.mapper.CartMapper.deleteById    : ==>  Preparing: DELETE FROM cart WHERE id=?
21:44:33:791 DEBUG 10400 --- [http-nio-8082-exec-5] c.h.cart.mapper.CartMapper.deleteById    : ==> Parameters: 26(Long)
21:44:33:794 DEBUG 10400 --- [http-nio-8082-exec-5] c.h.cart.mapper.CartMapper.deleteById    : <==    Updates: 1
21:44:33:856 DEBUG 10400 --- [http-nio-8082-exec-6] c.h.cart.mapper.CartMapper.selectList    : ==>  Preparing: SELECT id,user_id,item_id,num,name,spec,price,image,create_time,update_time FROM cart WHERE (user_id = ?)
21:44:33:857 DEBUG 10400 --- [http-nio-8082-exec-6] c.h.cart.mapper.CartMapper.selectList    : ==> Parameters: 1(Long)
21:44:33:859 DEBUG 10400 --- [http-nio-8082-exec-6] c.h.cart.mapper.CartMapper.selectList    : <==      Total: 1
21:44:33:860 DEBUG 10400 --- [http-nio-8082-exec-6] com.hmall.api.client.ItemClient          : [ItemClient#queryItemByIds] ---> GET http://item-service/items?ids=100001511821 HTTP/1.1
21:44:33:860 DEBUG 10400 --- [http-nio-8082-exec-6] com.hmall.api.client.ItemClient          : [ItemClient#queryItemByIds] user-info: 1
21:44:33:861 DEBUG 10400 --- [http-nio-8082-exec-6] com.hmall.api.client.ItemClient          : [ItemClient#queryItemByIds] ---> END HTTP (0-byte body)
21:44:34:242 DEBUG 10400 --- [http-nio-8082-exec-7] c.h.cart.mapper.CartMapper.deleteById    : ==>  Preparing: DELETE FROM cart WHERE id=?
21:44:34:242 DEBUG 10400 --- [http-nio-8082-exec-7] c.h.cart.mapper.CartMapper.deleteById    : ==> Parameters: 26(Long)
21:44:34:244 DEBUG 10400 --- [http-nio-8082-exec-7] c.h.cart.mapper.CartMapper.deleteById    : <==    Updates: 0
21:44:34:400 DEBUG 10400 --- [http-nio-8082-exec-6] com.hmall.api.client.ItemClient          : [ItemClient#queryItemByIds] <--- HTTP/1.1 200  (539ms)
21:44:34:401 DEBUG 10400 --- [http-nio-8082-exec-6] com.hmall.api.client.ItemClient          : [ItemClient#queryItemByIds] connection: keep-alive
21:44:34:401 DEBUG 10400 --- [http-nio-8082-exec-6] com.hmall.api.client.ItemClient          : [ItemClient#queryItemByIds] content-type: application/json
21:44:34:402 DEBUG 10400 --- [http-nio-8082-exec-6] com.hmall.api.client.ItemClient          : [ItemClient#queryItemByIds] date: Thu, 18 Dec 2025 13:44:34 GMT
21:44:34:402 DEBUG 10400 --- [http-nio-8082-exec-6] com.hmall.api.client.ItemClient          : [ItemClient#queryItemByIds] keep-alive: timeout=60
21:44:34:402 DEBUG 10400 --- [http-nio-8082-exec-6] com.hmall.api.client.ItemClient          : [ItemClient#queryItemByIds] transfer-encoding: chunked
21:44:34:402 DEBUG 10400 --- [http-nio-8082-exec-6] com.hmall.api.client.ItemClient          : [ItemClient#queryItemByIds] 
21:44:34:402 DEBUG 10400 --- [http-nio-8082-exec-6] com.hmall.api.client.ItemClient          : [ItemClient#queryItemByIds] [{"id":"100001511821","name":"HMDIME 牛仔背带裤女2018秋冬新品 韩版学院风潮流百搭弹力修身补丁学生吊带长裤女 AXNZ369 深蓝 30","price":13700,"stock":9996,"image":"https://m.360buyimg.com/mobilecms/s720x720_jfs/t30892/263/313055374/557791/c98e9abc/5bef811aN036f7c3b.jpg!q70.jpg.webp","category":"牛仔裤","brand":"HMDIME","spec":"{\"颜色\": \"蓝色\", \"尺码\": \"30\"}","sold":0,"commentCount":0,"isAD":false,"status":1}]
21:44:34:402 DEBUG 10400 --- [http-nio-8082-exec-6] com.hmall.api.client.ItemClient          : [ItemClient#queryItemByIds] <--- END HTTP (459-byte body)
21:44:34:418 DEBUG 10400 --- [http-nio-8082-exec-8] c.h.cart.mapper.CartMapper.selectList    : ==>  Preparing: SELECT id,user_id,item_id,num,name,spec,price,image,create_time,update_time FROM cart WHERE (user_id = ?)
21:44:34:419 DEBUG 10400 --- [http-nio-8082-exec-8] c.h.cart.mapper.CartMapper.selectList    : ==> Parameters: 1(Long)
21:44:34:424 DEBUG 10400 --- [http-nio-8082-exec-8] c.h.cart.mapper.CartMapper.selectList    : <==      Total: 1
21:44:34:426 DEBUG 10400 --- [http-nio-8082-exec-8] com.hmall.api.client.ItemClient          : [ItemClient#queryItemByIds] ---> GET http://item-service/items?ids=100001511821 HTTP/1.1
21:44:34:426 DEBUG 10400 --- [http-nio-8082-exec-8] com.hmall.api.client.ItemClient          : [ItemClient#queryItemByIds] user-info: 1
21:44:34:427 DEBUG 10400 --- [http-nio-8082-exec-8] com.hmall.api.client.ItemClient          : [ItemClient#queryItemByIds] ---> END HTTP (0-byte body)
21:44:34:949 DEBUG 10400 --- [http-nio-8082-exec-8] com.hmall.api.client.ItemClient          : [ItemClient#queryItemByIds] <--- HTTP/1.1 200  (521ms)
21:44:34:949 DEBUG 10400 --- [http-nio-8082-exec-8] com.hmall.api.client.ItemClient          : [ItemClient#queryItemByIds] connection: keep-alive
21:44:34:950 DEBUG 10400 --- [http-nio-8082-exec-8] com.hmall.api.client.ItemClient          : [ItemClient#queryItemByIds] content-type: application/json
21:44:34:950 DEBUG 10400 --- [http-nio-8082-exec-8] com.hmall.api.client.ItemClient          : [ItemClient#queryItemByIds] date: Thu, 18 Dec 2025 13:44:34 GMT
21:44:34:950 DEBUG 10400 --- [http-nio-8082-exec-8] com.hmall.api.client.ItemClient          : [ItemClient#queryItemByIds] keep-alive: timeout=60
21:44:34:950 DEBUG 10400 --- [http-nio-8082-exec-8] com.hmall.api.client.ItemClient          : [ItemClient#queryItemByIds] transfer-encoding: chunked
21:44:34:950 DEBUG 10400 --- [http-nio-8082-exec-8] com.hmall.api.client.ItemClient          : [ItemClient#queryItemByIds] 
21:44:34:950 DEBUG 10400 --- [http-nio-8082-exec-8] com.hmall.api.client.ItemClient          : [ItemClient#queryItemByIds] [{"id":"100001511821","name":"HMDIME 牛仔背带裤女2018秋冬新品 韩版学院风潮流百搭弹力修身补丁学生吊带长裤女 AXNZ369 深蓝 30","price":13700,"stock":9996,"image":"https://m.360buyimg.com/mobilecms/s720x720_jfs/t30892/263/313055374/557791/c98e9abc/5bef811aN036f7c3b.jpg!q70.jpg.webp","category":"牛仔裤","brand":"HMDIME","spec":"{\"颜色\": \"蓝色\", \"尺码\": \"30\"}","sold":0,"commentCount":0,"isAD":false,"status":1}]
21:44:34:951 DEBUG 10400 --- [http-nio-8082-exec-8] com.hmall.api.client.ItemClient          : [ItemClient#queryItemByIds] <--- END HTTP (459-byte body)
21:44:37:353 DEBUG 10400 --- [http-nio-8082-exec-9] c.h.cart.mapper.CartMapper.selectList    : ==>  Preparing: SELECT id,user_id,item_id,num,name,spec,price,image,create_time,update_time FROM cart WHERE (user_id = ?)
21:44:37:354 DEBUG 10400 --- [http-nio-8082-exec-9] c.h.cart.mapper.CartMapper.selectList    : ==> Parameters: 1(Long)
21:44:37:356 DEBUG 10400 --- [http-nio-8082-exec-9] c.h.cart.mapper.CartMapper.selectList    : <==      Total: 1
21:44:37:365 DEBUG 10400 --- [http-nio-8082-exec-9] com.hmall.api.client.ItemClient          : [ItemClient#queryItemByIds] ---> GET http://item-service/items?ids=100001511821 HTTP/1.1
21:44:37:365 DEBUG 10400 --- [http-nio-8082-exec-9] com.hmall.api.client.ItemClient          : [ItemClient#queryItemByIds] user-info: 1
21:44:37:365 DEBUG 10400 --- [http-nio-8082-exec-9] com.hmall.api.client.ItemClient          : [ItemClient#queryItemByIds] ---> END HTTP (0-byte body)
21:44:37:902 DEBUG 10400 --- [http-nio-8082-exec-9] com.hmall.api.client.ItemClient          : [ItemClient#queryItemByIds] <--- HTTP/1.1 200  (536ms)
21:44:37:902 DEBUG 10400 --- [http-nio-8082-exec-9] com.hmall.api.client.ItemClient          : [ItemClient#queryItemByIds] connection: keep-alive
21:44:37:902 DEBUG 10400 --- [http-nio-8082-exec-9] com.hmall.api.client.ItemClient          : [ItemClient#queryItemByIds] content-type: application/json
21:44:37:902 DEBUG 10400 --- [http-nio-8082-exec-9] com.hmall.api.client.ItemClient          : [ItemClient#queryItemByIds] date: Thu, 18 Dec 2025 13:44:37 GMT
21:44:37:903 DEBUG 10400 --- [http-nio-8082-exec-9] com.hmall.api.client.ItemClient          : [ItemClient#queryItemByIds] keep-alive: timeout=60
21:44:37:903 DEBUG 10400 --- [http-nio-8082-exec-9] com.hmall.api.client.ItemClient          : [ItemClient#queryItemByIds] transfer-encoding: chunked
21:44:37:903 DEBUG 10400 --- [http-nio-8082-exec-9] com.hmall.api.client.ItemClient          : [ItemClient#queryItemByIds] 
21:44:37:903 DEBUG 10400 --- [http-nio-8082-exec-9] com.hmall.api.client.ItemClient          : [ItemClient#queryItemByIds] [{"id":"100001511821","name":"HMDIME 牛仔背带裤女2018秋冬新品 韩版学院风潮流百搭弹力修身补丁学生吊带长裤女 AXNZ369 深蓝 30","price":13700,"stock":9996,"image":"https://m.360buyimg.com/mobilecms/s720x720_jfs/t30892/263/313055374/557791/c98e9abc/5bef811aN036f7c3b.jpg!q70.jpg.webp","category":"牛仔裤","brand":"HMDIME","spec":"{\"颜色\": \"蓝色\", \"尺码\": \"30\"}","sold":0,"commentCount":0,"isAD":false,"status":1}]
21:44:37:904 DEBUG 10400 --- [http-nio-8082-exec-9] com.hmall.api.client.ItemClient          : [ItemClient#queryItemByIds] <--- END HTTP (459-byte body)
21:44:39:318 DEBUG 10400 --- [http-nio-8082-exec-10] c.h.cart.mapper.CartMapper.selectCount   : ==>  Preparing: SELECT COUNT( * ) AS total FROM cart WHERE (user_id = ? AND item_id = ?)
21:44:39:319 DEBUG 10400 --- [http-nio-8082-exec-10] c.h.cart.mapper.CartMapper.selectCount   : ==> Parameters: 1(Long), 100000006163(Long)
21:44:39:320 DEBUG 10400 --- [http-nio-8082-exec-10] c.h.cart.mapper.CartMapper.selectCount   : <==      Total: 1
21:44:39:321 DEBUG 10400 --- [http-nio-8082-exec-10] c.h.cart.mapper.CartMapper.selectCount   : ==>  Preparing: SELECT COUNT( * ) AS total FROM cart WHERE (user_id = ?)
21:44:39:322 DEBUG 10400 --- [http-nio-8082-exec-10] c.h.cart.mapper.CartMapper.selectCount   : ==> Parameters: 1(Long)
21:44:39:322 DEBUG 10400 --- [http-nio-8082-exec-10] c.h.cart.mapper.CartMapper.selectCount   : <==      Total: 1
21:44:39:343 DEBUG 10400 --- [http-nio-8082-exec-10] com.hmall.cart.mapper.CartMapper.insert  : ==>  Preparing: INSERT INTO cart ( user_id, item_id, name, spec, price, image ) VALUES ( ?, ?, ?, ?, ?, ? )
21:44:39:347 DEBUG 10400 --- [http-nio-8082-exec-10] com.hmall.cart.mapper.CartMapper.insert  : ==> Parameters: 1(Long), 100000006163(Long), 巴布豆(BOBDOG)柔薄悦动婴儿拉拉裤XXL码80片(15kg以上)(String), {}(String), 67100(Integer), https://m.360buyimg.com/mobilecms/s720x720_jfs/t23998/350/2363990466/222391/a6e9581d/5b7cba5bN0c18fb4f.jpg!q70.jpg.webp(String)
21:44:39:349 DEBUG 10400 --- [http-nio-8082-exec-10] com.hmall.cart.mapper.CartMapper.insert  : <==    Updates: 1
21:44:39:398 DEBUG 10400 --- [http-nio-8082-exec-1] c.h.cart.mapper.CartMapper.selectList    : ==>  Preparing: SELECT id,user_id,item_id,num,name,spec,price,image,create_time,update_time FROM cart WHERE (user_id = ?)
21:44:39:398 DEBUG 10400 --- [http-nio-8082-exec-1] c.h.cart.mapper.CartMapper.selectList    : ==> Parameters: 1(Long)
21:44:39:400 DEBUG 10400 --- [http-nio-8082-exec-1] c.h.cart.mapper.CartMapper.selectList    : <==      Total: 2
21:44:39:402 DEBUG 10400 --- [http-nio-8082-exec-1] com.hmall.api.client.ItemClient          : [ItemClient#queryItemByIds] ---> GET http://item-service/items?ids=100000006163&ids=100001511821 HTTP/1.1
21:44:39:402 DEBUG 10400 --- [http-nio-8082-exec-1] com.hmall.api.client.ItemClient          : [ItemClient#queryItemByIds] user-info: 1
21:44:39:402 DEBUG 10400 --- [http-nio-8082-exec-1] com.hmall.api.client.ItemClient          : [ItemClient#queryItemByIds] ---> END HTTP (0-byte body)
21:44:39:928 DEBUG 10400 --- [http-nio-8082-exec-1] com.hmall.api.client.ItemClient          : [ItemClient#queryItemByIds] <--- HTTP/1.1 200  (526ms)
21:44:39:928 DEBUG 10400 --- [http-nio-8082-exec-1] com.hmall.api.client.ItemClient          : [ItemClient#queryItemByIds] connection: keep-alive
21:44:39:929 DEBUG 10400 --- [http-nio-8082-exec-1] com.hmall.api.client.ItemClient          : [ItemClient#queryItemByIds] content-type: application/json
21:44:39:929 DEBUG 10400 --- [http-nio-8082-exec-1] com.hmall.api.client.ItemClient          : [ItemClient#queryItemByIds] date: Thu, 18 Dec 2025 13:44:39 GMT
21:44:39:929 DEBUG 10400 --- [http-nio-8082-exec-1] com.hmall.api.client.ItemClient          : [ItemClient#queryItemByIds] keep-alive: timeout=60
21:44:39:929 DEBUG 10400 --- [http-nio-8082-exec-1] com.hmall.api.client.ItemClient          : [ItemClient#queryItemByIds] transfer-encoding: chunked
21:44:39:930 DEBUG 10400 --- [http-nio-8082-exec-1] com.hmall.api.client.ItemClient          : [ItemClient#queryItemByIds] 
21:44:39:930 DEBUG 10400 --- [http-nio-8082-exec-1] com.hmall.api.client.ItemClient          : [ItemClient#queryItemByIds] [{"id":"100000006163","name":"巴布豆(BOBDOG)柔薄悦动婴儿拉拉裤XXL码80片(15kg以上)","price":67100,"stock":10000,"image":"https://m.360buyimg.com/mobilecms/s720x720_jfs/t23998/350/2363990466/222391/a6e9581d/5b7cba5bN0c18fb4f.jpg!q70.jpg.webp","category":"拉拉裤","brand":"巴布豆","spec":"{}","sold":11,"commentCount":33343434,"isAD":false,"status":2},{"id":"100001511821","name":"HMDIME 牛仔背带裤女2018秋冬新品 韩版学院风潮流百搭弹力修身补丁学生吊带长裤女 AXNZ369 深蓝 30","price":13700,"stock":9996,"image":"https://m.360buyimg.com/mobilecms/s720x720_jfs/t30892/263/313055374/557791/c98e9abc/5bef811aN036f7c3b.jpg!q70.jpg.webp","category":"牛仔裤","brand":"HMDIME","spec":"{\"颜色\": \"蓝色\", \"尺码\": \"30\"}","sold":0,"commentCount":0,"isAD":false,"status":1}]
21:44:39:930 DEBUG 10400 --- [http-nio-8082-exec-1] com.hmall.api.client.ItemClient          : [ItemClient#queryItemByIds] <--- END HTTP (829-byte body)
21:44:48:556 DEBUG 10400 --- [org.springframework.amqp.rabbit.RabbitListenerEndpointContainer#0-1] com.hmall.cart.mapper.CartMapper.delete  : ==>  Preparing: DELETE FROM cart WHERE (user_id = ? AND item_id IN (?))
21:44:48:560 DEBUG 10400 --- [org.springframework.amqp.rabbit.RabbitListenerEndpointContainer#0-1] com.hmall.cart.mapper.CartMapper.delete  : ==> Parameters: null, 100001511821(Long)
21:44:48:562 DEBUG 10400 --- [org.springframework.amqp.rabbit.RabbitListenerEndpointContainer#0-1] com.hmall.cart.mapper.CartMapper.delete  : <==    Updates: 0
21:45:01:232 DEBUG 10400 --- [org.springframework.amqp.rabbit.RabbitListenerEndpointContainer#0-1] com.hmall.cart.mapper.CartMapper.delete  : ==>  Preparing: DELETE FROM cart WHERE (user_id = ? AND item_id IN (?))
21:45:01:237 DEBUG 10400 --- [org.springframework.amqp.rabbit.RabbitListenerEndpointContainer#0-1] com.hmall.cart.mapper.CartMapper.delete  : ==> Parameters: null, 100001511821(Long)
21:45:01:240 DEBUG 10400 --- [org.springframework.amqp.rabbit.RabbitListenerEndpointContainer#0-1] com.hmall.cart.mapper.CartMapper.delete  : <==    Updates: 0
21:45:07:456 DEBUG 10400 --- [http-nio-8082-exec-2] c.h.cart.mapper.CartMapper.selectList    : ==>  Preparing: SELECT id,user_id,item_id,num,name,spec,price,image,create_time,update_time FROM cart WHERE (user_id = ?)
21:45:07:459 DEBUG 10400 --- [http-nio-8082-exec-2] c.h.cart.mapper.CartMapper.selectList    : ==> Parameters: 1(Long)
21:45:07:463 DEBUG 10400 --- [http-nio-8082-exec-2] c.h.cart.mapper.CartMapper.selectList    : <==      Total: 2
21:45:07:472 DEBUG 10400 --- [http-nio-8082-exec-2] com.hmall.api.client.ItemClient          : [ItemClient#queryItemByIds] ---> GET http://item-service/items?ids=100000006163&ids=100001511821 HTTP/1.1
21:45:07:472 DEBUG 10400 --- [http-nio-8082-exec-2] com.hmall.api.client.ItemClient          : [ItemClient#queryItemByIds] user-info: 1
21:45:07:472 DEBUG 10400 --- [http-nio-8082-exec-2] com.hmall.api.client.ItemClient          : [ItemClient#queryItemByIds] ---> END HTTP (0-byte body)
21:45:08:002 DEBUG 10400 --- [http-nio-8082-exec-2] com.hmall.api.client.ItemClient          : [ItemClient#queryItemByIds] <--- HTTP/1.1 200  (530ms)
21:45:08:003 DEBUG 10400 --- [http-nio-8082-exec-2] com.hmall.api.client.ItemClient          : [ItemClient#queryItemByIds] connection: keep-alive
21:45:08:003 DEBUG 10400 --- [http-nio-8082-exec-2] com.hmall.api.client.ItemClient          : [ItemClient#queryItemByIds] content-type: application/json
21:45:08:003 DEBUG 10400 --- [http-nio-8082-exec-2] com.hmall.api.client.ItemClient          : [ItemClient#queryItemByIds] date: Thu, 18 Dec 2025 13:45:08 GMT
21:45:08:003 DEBUG 10400 --- [http-nio-8082-exec-2] com.hmall.api.client.ItemClient          : [ItemClient#queryItemByIds] keep-alive: timeout=60
21:45:08:003 DEBUG 10400 --- [http-nio-8082-exec-2] com.hmall.api.client.ItemClient          : [ItemClient#queryItemByIds] transfer-encoding: chunked
21:45:08:003 DEBUG 10400 --- [http-nio-8082-exec-2] com.hmall.api.client.ItemClient          : [ItemClient#queryItemByIds] 
21:45:08:004 DEBUG 10400 --- [http-nio-8082-exec-2] com.hmall.api.client.ItemClient          : [ItemClient#queryItemByIds] [{"id":"100000006163","name":"巴布豆(BOBDOG)柔薄悦动婴儿拉拉裤XXL码80片(15kg以上)","price":67100,"stock":10000,"image":"https://m.360buyimg.com/mobilecms/s720x720_jfs/t23998/350/2363990466/222391/a6e9581d/5b7cba5bN0c18fb4f.jpg!q70.jpg.webp","category":"拉拉裤","brand":"巴布豆","spec":"{}","sold":11,"commentCount":33343434,"isAD":false,"status":2},{"id":"100001511821","name":"HMDIME 牛仔背带裤女2018秋冬新品 韩版学院风潮流百搭弹力修身补丁学生吊带长裤女 AXNZ369 深蓝 30","price":13700,"stock":9995,"image":"https://m.360buyimg.com/mobilecms/s720x720_jfs/t30892/263/313055374/557791/c98e9abc/5bef811aN036f7c3b.jpg!q70.jpg.webp","category":"牛仔裤","brand":"HMDIME","spec":"{\"颜色\": \"蓝色\", \"尺码\": \"30\"}","sold":0,"commentCount":0,"isAD":false,"status":1}]
21:45:08:004 DEBUG 10400 --- [http-nio-8082-exec-2] com.hmall.api.client.ItemClient          : [ItemClient#queryItemByIds] <--- END HTTP (829-byte body)
21:46:54:535 DEBUG 10400 --- [http-nio-8082-exec-5] c.h.cart.mapper.CartMapper.selectList    : ==>  Preparing: SELECT id,user_id,item_id,num,name,spec,price,image,create_time,update_time FROM cart WHERE (user_id = ?)
21:46:54:555 DEBUG 10400 --- [http-nio-8082-exec-5] c.h.cart.mapper.CartMapper.selectList    : ==> Parameters: 1(Long)
21:46:54:622 DEBUG 10400 --- [http-nio-8082-exec-5] c.h.cart.mapper.CartMapper.selectList    : <==      Total: 2
21:46:54:651 DEBUG 10400 --- [http-nio-8082-exec-5] com.hmall.api.client.ItemClient          : [ItemClient#queryItemByIds] ---> GET http://item-service/items?ids=100000006163&ids=100001511821 HTTP/1.1
21:46:54:652 DEBUG 10400 --- [http-nio-8082-exec-5] com.hmall.api.client.ItemClient          : [ItemClient#queryItemByIds] user-info: 1
21:46:54:652 DEBUG 10400 --- [http-nio-8082-exec-5] com.hmall.api.client.ItemClient          : [ItemClient#queryItemByIds] ---> END HTTP (0-byte body)
21:46:55:573 DEBUG 10400 --- [http-nio-8082-exec-5] com.hmall.api.client.ItemClient          : [ItemClient#queryItemByIds] <--- HTTP/1.1 200  (920ms)
21:46:55:573 DEBUG 10400 --- [http-nio-8082-exec-5] com.hmall.api.client.ItemClient          : [ItemClient#queryItemByIds] connection: keep-alive
21:46:55:574 DEBUG 10400 --- [http-nio-8082-exec-5] com.hmall.api.client.ItemClient          : [ItemClient#queryItemByIds] content-type: application/json
21:46:55:574 DEBUG 10400 --- [http-nio-8082-exec-5] com.hmall.api.client.ItemClient          : [ItemClient#queryItemByIds] date: Thu, 18 Dec 2025 13:46:54 GMT
21:46:55:574 DEBUG 10400 --- [http-nio-8082-exec-5] com.hmall.api.client.ItemClient          : [ItemClient#queryItemByIds] keep-alive: timeout=60
21:46:55:574 DEBUG 10400 --- [http-nio-8082-exec-5] com.hmall.api.client.ItemClient          : [ItemClient#queryItemByIds] transfer-encoding: chunked
21:46:55:574 DEBUG 10400 --- [http-nio-8082-exec-5] com.hmall.api.client.ItemClient          : [ItemClient#queryItemByIds] 
21:46:55:575 DEBUG 10400 --- [http-nio-8082-exec-5] com.hmall.api.client.ItemClient          : [ItemClient#queryItemByIds] [{"id":"100000006163","name":"巴布豆(BOBDOG)柔薄悦动婴儿拉拉裤XXL码80片(15kg以上)","price":67100,"stock":10000,"image":"https://m.360buyimg.com/mobilecms/s720x720_jfs/t23998/350/2363990466/222391/a6e9581d/5b7cba5bN0c18fb4f.jpg!q70.jpg.webp","category":"拉拉裤","brand":"巴布豆","spec":"{}","sold":11,"commentCount":33343434,"isAD":false,"status":2},{"id":"100001511821","name":"HMDIME 牛仔背带裤女2018秋冬新品 韩版学院风潮流百搭弹力修身补丁学生吊带长裤女 AXNZ369 深蓝 30","price":13700,"stock":9995,"image":"https://m.360buyimg.com/mobilecms/s720x720_jfs/t30892/263/313055374/557791/c98e9abc/5bef811aN036f7c3b.jpg!q70.jpg.webp","category":"牛仔裤","brand":"HMDIME","spec":"{\"颜色\": \"蓝色\", \"尺码\": \"30\"}","sold":0,"commentCount":0,"isAD":false,"status":1}]
21:46:55:575 DEBUG 10400 --- [http-nio-8082-exec-5] com.hmall.api.client.ItemClient          : [ItemClient#queryItemByIds] <--- END HTTP (829-byte body)
21:49:11:721 DEBUG 10400 --- [http-nio-8082-exec-6] c.h.cart.mapper.CartMapper.selectList    : ==>  Preparing: SELECT id,user_id,item_id,num,name,spec,price,image,create_time,update_time FROM cart WHERE (user_id = ?)
21:49:11:731 DEBUG 10400 --- [http-nio-8082-exec-6] c.h.cart.mapper.CartMapper.selectList    : ==> Parameters: 1(Long)
21:49:11:754 DEBUG 10400 --- [http-nio-8082-exec-6] c.h.cart.mapper.CartMapper.selectList    : <==      Total: 2
21:49:11:790 DEBUG 10400 --- [http-nio-8082-exec-6] com.hmall.api.client.ItemClient          : [ItemClient#queryItemByIds] ---> GET http://item-service/items?ids=100000006163&ids=100001511821 HTTP/1.1
21:49:11:790 DEBUG 10400 --- [http-nio-8082-exec-6] com.hmall.api.client.ItemClient          : [ItemClient#queryItemByIds] user-info: 1
21:49:11:790 DEBUG 10400 --- [http-nio-8082-exec-6] com.hmall.api.client.ItemClient          : [ItemClient#queryItemByIds] ---> END HTTP (0-byte body)
21:49:12:504 DEBUG 10400 --- [http-nio-8082-exec-6] com.hmall.api.client.ItemClient          : [ItemClient#queryItemByIds] <--- HTTP/1.1 200  (712ms)
21:49:12:504 DEBUG 10400 --- [http-nio-8082-exec-6] com.hmall.api.client.ItemClient          : [ItemClient#queryItemByIds] connection: keep-alive
21:49:12:505 DEBUG 10400 --- [http-nio-8082-exec-6] com.hmall.api.client.ItemClient          : [ItemClient#queryItemByIds] content-type: application/json
21:49:12:505 DEBUG 10400 --- [http-nio-8082-exec-6] com.hmall.api.client.ItemClient          : [ItemClient#queryItemByIds] date: Thu, 18 Dec 2025 13:49:12 GMT
21:49:12:505 DEBUG 10400 --- [http-nio-8082-exec-6] com.hmall.api.client.ItemClient          : [ItemClient#queryItemByIds] keep-alive: timeout=60
21:49:12:506 DEBUG 10400 --- [http-nio-8082-exec-6] com.hmall.api.client.ItemClient          : [ItemClient#queryItemByIds] transfer-encoding: chunked
21:49:12:506 DEBUG 10400 --- [http-nio-8082-exec-6] com.hmall.api.client.ItemClient          : [ItemClient#queryItemByIds] 
21:49:12:507 DEBUG 10400 --- [http-nio-8082-exec-6] com.hmall.api.client.ItemClient          : [ItemClient#queryItemByIds] [{"id":"100000006163","name":"巴布豆(BOBDOG)柔薄悦动婴儿拉拉裤XXL码80片(15kg以上)","price":67100,"stock":10000,"image":"https://m.360buyimg.com/mobilecms/s720x720_jfs/t23998/350/2363990466/222391/a6e9581d/5b7cba5bN0c18fb4f.jpg!q70.jpg.webp","category":"拉拉裤","brand":"巴布豆","spec":"{}","sold":11,"commentCount":33343434,"isAD":false,"status":2},{"id":"100001511821","name":"HMDIME 牛仔背带裤女2018秋冬新品 韩版学院风潮流百搭弹力修身补丁学生吊带长裤女 AXNZ369 深蓝 30","price":13700,"stock":9995,"image":"https://m.360buyimg.com/mobilecms/s720x720_jfs/t30892/263/313055374/557791/c98e9abc/5bef811aN036f7c3b.jpg!q70.jpg.webp","category":"牛仔裤","brand":"HMDIME","spec":"{\"颜色\": \"蓝色\", \"尺码\": \"30\"}","sold":0,"commentCount":0,"isAD":false,"status":1}]
21:49:12:508 DEBUG 10400 --- [http-nio-8082-exec-6] com.hmall.api.client.ItemClient          : [ItemClient#queryItemByIds] <--- END HTTP (829-byte body)
21:53:13:512 DEBUG 10400 --- [http-nio-8082-exec-9] c.h.cart.mapper.CartMapper.selectList    : ==>  Preparing: SELECT id,user_id,item_id,num,name,spec,price,image,create_time,update_time FROM cart WHERE (user_id = ?)
21:53:13:518 DEBUG 10400 --- [http-nio-8082-exec-9] c.h.cart.mapper.CartMapper.selectList    : ==> Parameters: 1(Long)
21:53:13:529 DEBUG 10400 --- [http-nio-8082-exec-9] c.h.cart.mapper.CartMapper.selectList    : <==      Total: 2
21:53:13:541 DEBUG 10400 --- [http-nio-8082-exec-9] com.hmall.api.client.ItemClient          : [ItemClient#queryItemByIds] ---> GET http://item-service/items?ids=100000006163&ids=100001511821 HTTP/1.1
21:53:13:542 DEBUG 10400 --- [http-nio-8082-exec-9] com.hmall.api.client.ItemClient          : [ItemClient#queryItemByIds] user-info: 1
21:53:13:542 DEBUG 10400 --- [http-nio-8082-exec-9] com.hmall.api.client.ItemClient          : [ItemClient#queryItemByIds] ---> END HTTP (0-byte body)
21:53:14:201 DEBUG 10400 --- [http-nio-8082-exec-9] com.hmall.api.client.ItemClient          : [ItemClient#queryItemByIds] <--- HTTP/1.1 200  (659ms)
21:53:14:202 DEBUG 10400 --- [http-nio-8082-exec-9] com.hmall.api.client.ItemClient          : [ItemClient#queryItemByIds] connection: keep-alive
21:53:14:202 DEBUG 10400 --- [http-nio-8082-exec-9] com.hmall.api.client.ItemClient          : [ItemClient#queryItemByIds] content-type: application/json
21:53:14:202 DEBUG 10400 --- [http-nio-8082-exec-9] com.hmall.api.client.ItemClient          : [ItemClient#queryItemByIds] date: Thu, 18 Dec 2025 13:53:14 GMT
21:53:14:202 DEBUG 10400 --- [http-nio-8082-exec-9] com.hmall.api.client.ItemClient          : [ItemClient#queryItemByIds] keep-alive: timeout=60
21:53:14:202 DEBUG 10400 --- [http-nio-8082-exec-9] com.hmall.api.client.ItemClient          : [ItemClient#queryItemByIds] transfer-encoding: chunked
21:53:14:202 DEBUG 10400 --- [http-nio-8082-exec-9] com.hmall.api.client.ItemClient          : [ItemClient#queryItemByIds] 
21:53:14:203 DEBUG 10400 --- [http-nio-8082-exec-9] com.hmall.api.client.ItemClient          : [ItemClient#queryItemByIds] [{"id":"100000006163","name":"巴布豆(BOBDOG)柔薄悦动婴儿拉拉裤XXL码80片(15kg以上)","price":67100,"stock":10000,"image":"https://m.360buyimg.com/mobilecms/s720x720_jfs/t23998/350/2363990466/222391/a6e9581d/5b7cba5bN0c18fb4f.jpg!q70.jpg.webp","category":"拉拉裤","brand":"巴布豆","spec":"{}","sold":11,"commentCount":33343434,"isAD":false,"status":2},{"id":"100001511821","name":"HMDIME 牛仔背带裤女2018秋冬新品 韩版学院风潮流百搭弹力修身补丁学生吊带长裤女 AXNZ369 深蓝 30","price":13700,"stock":9995,"image":"https://m.360buyimg.com/mobilecms/s720x720_jfs/t30892/263/313055374/557791/c98e9abc/5bef811aN036f7c3b.jpg!q70.jpg.webp","category":"牛仔裤","brand":"HMDIME","spec":"{\"颜色\": \"蓝色\", \"尺码\": \"30\"}","sold":0,"commentCount":0,"isAD":false,"status":1}]
21:53:14:203 DEBUG 10400 --- [http-nio-8082-exec-9] com.hmall.api.client.ItemClient          : [ItemClient#queryItemByIds] <--- END HTTP (829-byte body)
21:53:17:318 DEBUG 10400 --- [http-nio-8082-exec-10] c.h.cart.mapper.CartMapper.selectCount   : ==>  Preparing: SELECT COUNT( * ) AS total FROM cart WHERE (user_id = ? AND item_id = ?)
21:53:17:323 DEBUG 10400 --- [http-nio-8082-exec-10] c.h.cart.mapper.CartMapper.selectCount   : ==> Parameters: 1(Long), 100000004580(Long)
21:53:17:337 DEBUG 10400 --- [http-nio-8082-exec-10] c.h.cart.mapper.CartMapper.selectCount   : <==      Total: 1
21:53:17:344 DEBUG 10400 --- [http-nio-8082-exec-10] c.h.cart.mapper.CartMapper.selectCount   : ==>  Preparing: SELECT COUNT( * ) AS total FROM cart WHERE (user_id = ?)
21:53:17:344 DEBUG 10400 --- [http-nio-8082-exec-10] c.h.cart.mapper.CartMapper.selectCount   : ==> Parameters: 1(Long)
21:53:17:348 DEBUG 10400 --- [http-nio-8082-exec-10] c.h.cart.mapper.CartMapper.selectCount   : <==      Total: 1
21:53:17:389 ERROR 10400 --- [http-nio-8082-exec-10] o.a.c.c.C.[.[.[/].[dispatcherServlet]    : Servlet.service() for servlet [dispatcherServlet] in context with path [] threw exception [Request processing failed; nested exception is com.hmall.common.exception.BizIllegalException: 用户购物车课程不能超过2] with root cause

com.hmall.common.exception.BizIllegalException: 用户购物车课程不能超过2
	at com.hmall.cart.service.impl.CartServiceImpl.checkCartsFull(CartServiceImpl.java:145) ~[classes/:na]
	at com.hmall.cart.service.impl.CartServiceImpl.addItem2Cart(CartServiceImpl.java:59) ~[classes/:na]
	at com.hmall.cart.service.impl.CartServiceImpl$$FastClassBySpringCGLIB$$7813828f.invoke(<generated>) ~[classes/:na]
	at org.springframework.cglib.proxy.MethodProxy.invoke(MethodProxy.java:218) ~[spring-core-5.3.27.jar:5.3.27]
	at org.springframework.aop.framework.CglibAopProxy.invokeMethod(CglibAopProxy.java:386) ~[spring-aop-5.3.27.jar:5.3.27]
	at org.springframework.aop.framework.CglibAopProxy.access$000(CglibAopProxy.java:85) ~[spring-aop-5.3.27.jar:5.3.27]
	at org.springframework.aop.framework.CglibAopProxy$DynamicAdvisedInterceptor.intercept(CglibAopProxy.java:704) ~[spring-aop-5.3.27.jar:5.3.27]
	at com.hmall.cart.service.impl.CartServiceImpl$$EnhancerBySpringCGLIB$$294d4d99.addItem2Cart(<generated>) ~[classes/:na]
	at com.hmall.cart.controller.CartController.addItem2Cart(CartController.java:30) ~[classes/:na]
	at java.base/jdk.internal.reflect.NativeMethodAccessorImpl.invoke0(Native Method) ~[na:na]
	at java.base/jdk.internal.reflect.NativeMethodAccessorImpl.invoke(NativeMethodAccessorImpl.java:62) ~[na:na]
	at java.base/jdk.internal.reflect.DelegatingMethodAccessorImpl.invoke(DelegatingMethodAccessorImpl.java:43) ~[na:na]
	at java.base/java.lang.reflect.Method.invoke(Method.java:566) ~[na:na]
	at org.springframework.web.method.support.InvocableHandlerMethod.doInvoke(InvocableHandlerMethod.java:205) ~[spring-web-5.3.27.jar:5.3.27]
	at org.springframework.web.method.support.InvocableHandlerMethod.invokeForRequest(InvocableHandlerMethod.java:150) ~[spring-web-5.3.27.jar:5.3.27]
	at org.springframework.web.servlet.mvc.method.annotation.ServletInvocableHandlerMethod.invokeAndHandle(ServletInvocableHandlerMethod.java:117) ~[spring-webmvc-5.3.27.jar:5.3.27]
	at org.springframework.web.servlet.mvc.method.annotation.RequestMappingHandlerAdapter.invokeHandlerMethod(RequestMappingHandlerAdapter.java:895) ~[spring-webmvc-5.3.27.jar:5.3.27]
	at org.springframework.web.servlet.mvc.method.annotation.RequestMappingHandlerAdapter.handleInternal(RequestMappingHandlerAdapter.java:808) ~[spring-webmvc-5.3.27.jar:5.3.27]
	at org.springframework.web.servlet.mvc.method.AbstractHandlerMethodAdapter.handle(AbstractHandlerMethodAdapter.java:87) ~[spring-webmvc-5.3.27.jar:5.3.27]
	at org.springframework.web.servlet.DispatcherServlet.doDispatch(DispatcherServlet.java:1072) ~[spring-webmvc-5.3.27.jar:5.3.27]
	at org.springframework.web.servlet.DispatcherServlet.doService(DispatcherServlet.java:965) ~[spring-webmvc-5.3.27.jar:5.3.27]
	at org.springframework.web.servlet.FrameworkServlet.processRequest(FrameworkServlet.java:1006) ~[spring-webmvc-5.3.27.jar:5.3.27]
	at org.springframework.web.servlet.FrameworkServlet.doPost(FrameworkServlet.java:909) ~[spring-webmvc-5.3.27.jar:5.3.27]
	at javax.servlet.http.HttpServlet.service(HttpServlet.java:555) ~[tomcat-embed-core-9.0.75.jar:4.0.FR]
	at org.springframework.web.servlet.FrameworkServlet.service(FrameworkServlet.java:883) ~[spring-webmvc-5.3.27.jar:5.3.27]
	at javax.servlet.http.HttpServlet.service(HttpServlet.java:623) ~[tomcat-embed-core-9.0.75.jar:4.0.FR]
	at org.apache.catalina.core.ApplicationFilterChain.internalDoFilter(ApplicationFilterChain.java:209) ~[tomcat-embed-core-9.0.75.jar:9.0.75]
	at org.apache.catalina.core.ApplicationFilterChain.doFilter(ApplicationFilterChain.java:153) ~[tomcat-embed-core-9.0.75.jar:9.0.75]
	at org.apache.tomcat.websocket.server.WsFilter.doFilter(WsFilter.java:51) ~[tomcat-embed-websocket-9.0.75.jar:9.0.75]
	at org.apache.catalina.core.ApplicationFilterChain.internalDoFilter(ApplicationFilterChain.java:178) ~[tomcat-embed-core-9.0.75.jar:9.0.75]
	at org.apache.catalina.core.ApplicationFilterChain.doFilter(ApplicationFilterChain.java:153) ~[tomcat-embed-core-9.0.75.jar:9.0.75]
	at org.springframework.web.filter.RequestContextFilter.doFilterInternal(RequestContextFilter.java:100) ~[spring-web-5.3.27.jar:5.3.27]
	at org.springframework.web.filter.OncePerRequestFilter.doFilter(OncePerRequestFilter.java:117) ~[spring-web-5.3.27.jar:5.3.27]
	at org.apache.catalina.core.ApplicationFilterChain.internalDoFilter(ApplicationFilterChain.java:178) ~[tomcat-embed-core-9.0.75.jar:9.0.75]
	at org.apache.catalina.core.ApplicationFilterChain.doFilter(ApplicationFilterChain.java:153) ~[tomcat-embed-core-9.0.75.jar:9.0.75]
	at org.springframework.web.filter.FormContentFilter.doFilterInternal(FormContentFilter.java:93) ~[spring-web-5.3.27.jar:5.3.27]
	at org.springframework.web.filter.OncePerRequestFilter.doFilter(OncePerRequestFilter.java:117) ~[spring-web-5.3.27.jar:5.3.27]
	at org.apache.catalina.core.ApplicationFilterChain.internalDoFilter(ApplicationFilterChain.java:178) ~[tomcat-embed-core-9.0.75.jar:9.0.75]
	at org.apache.catalina.core.ApplicationFilterChain.doFilter(ApplicationFilterChain.java:153) ~[tomcat-embed-core-9.0.75.jar:9.0.75]
	at org.springframework.web.filter.CharacterEncodingFilter.doFilterInternal(CharacterEncodingFilter.java:201) ~[spring-web-5.3.27.jar:5.3.27]
	at org.springframework.web.filter.OncePerRequestFilter.doFilter(OncePerRequestFilter.java:117) ~[spring-web-5.3.27.jar:5.3.27]
	at org.apache.catalina.core.ApplicationFilterChain.internalDoFilter(ApplicationFilterChain.java:178) ~[tomcat-embed-core-9.0.75.jar:9.0.75]
	at org.apache.catalina.core.ApplicationFilterChain.doFilter(ApplicationFilterChain.java:153) ~[tomcat-embed-core-9.0.75.jar:9.0.75]
	at org.apache.catalina.core.StandardWrapperValve.invoke(StandardWrapperValve.java:167) ~[tomcat-embed-core-9.0.75.jar:9.0.75]
	at org.apache.catalina.core.StandardContextValve.invoke(StandardContextValve.java:90) ~[tomcat-embed-core-9.0.75.jar:9.0.75]
	at org.apache.catalina.authenticator.AuthenticatorBase.invoke(AuthenticatorBase.java:481) ~[tomcat-embed-core-9.0.75.jar:9.0.75]
	at org.apache.catalina.core.StandardHostValve.invoke(StandardHostValve.java:130) ~[tomcat-embed-core-9.0.75.jar:9.0.75]
	at org.apache.catalina.valves.ErrorReportValve.invoke(ErrorReportValve.java:93) ~[tomcat-embed-core-9.0.75.jar:9.0.75]
	at org.apache.catalina.core.StandardEngineValve.invoke(StandardEngineValve.java:74) ~[tomcat-embed-core-9.0.75.jar:9.0.75]
	at org.apache.catalina.connector.CoyoteAdapter.service(CoyoteAdapter.java:343) ~[tomcat-embed-core-9.0.75.jar:9.0.75]
	at org.apache.coyote.http11.Http11Processor.service(Http11Processor.java:390) ~[tomcat-embed-core-9.0.75.jar:9.0.75]
	at org.apache.coyote.AbstractProcessorLight.process(AbstractProcessorLight.java:63) ~[tomcat-embed-core-9.0.75.jar:9.0.75]
	at org.apache.coyote.AbstractProtocol$ConnectionHandler.process(AbstractProtocol.java:926) ~[tomcat-embed-core-9.0.75.jar:9.0.75]
	at org.apache.tomcat.util.net.NioEndpoint$SocketProcessor.doRun(NioEndpoint.java:1791) ~[tomcat-embed-core-9.0.75.jar:9.0.75]
	at org.apache.tomcat.util.net.SocketProcessorBase.run(SocketProcessorBase.java:52) ~[tomcat-embed-core-9.0.75.jar:9.0.75]
	at org.apache.tomcat.util.threads.ThreadPoolExecutor.runWorker(ThreadPoolExecutor.java:1191) ~[tomcat-embed-core-9.0.75.jar:9.0.75]
	at org.apache.tomcat.util.threads.ThreadPoolExecutor$Worker.run(ThreadPoolExecutor.java:659) ~[tomcat-embed-core-9.0.75.jar:9.0.75]
	at org.apache.tomcat.util.threads.TaskThread$WrappingRunnable.run(TaskThread.java:61) ~[tomcat-embed-core-9.0.75.jar:9.0.75]
	at java.base/java.lang.Thread.run(Thread.java:829) ~[na:na]

21:53:20:746 DEBUG 10400 --- [http-nio-8082-exec-1] c.h.cart.mapper.CartMapper.selectCount   : ==>  Preparing: SELECT COUNT( * ) AS total FROM cart WHERE (user_id = ? AND item_id = ?)
21:53:20:746 DEBUG 10400 --- [http-nio-8082-exec-1] c.h.cart.mapper.CartMapper.selectCount   : ==> Parameters: 1(Long), 100000011113(Long)
21:53:20:748 DEBUG 10400 --- [http-nio-8082-exec-1] c.h.cart.mapper.CartMapper.selectCount   : <==      Total: 1
21:53:20:748 DEBUG 10400 --- [http-nio-8082-exec-1] c.h.cart.mapper.CartMapper.selectCount   : ==>  Preparing: SELECT COUNT( * ) AS total FROM cart WHERE (user_id = ?)
21:53:20:748 DEBUG 10400 --- [http-nio-8082-exec-1] c.h.cart.mapper.CartMapper.selectCount   : ==> Parameters: 1(Long)
21:53:20:750 DEBUG 10400 --- [http-nio-8082-exec-1] c.h.cart.mapper.CartMapper.selectCount   : <==      Total: 1
21:53:20:760 ERROR 10400 --- [http-nio-8082-exec-1] o.a.c.c.C.[.[.[/].[dispatcherServlet]    : Servlet.service() for servlet [dispatcherServlet] in context with path [] threw exception [Request processing failed; nested exception is com.hmall.common.exception.BizIllegalException: 用户购物车课程不能超过2] with root cause

com.hmall.common.exception.BizIllegalException: 用户购物车课程不能超过2
	at com.hmall.cart.service.impl.CartServiceImpl.checkCartsFull(CartServiceImpl.java:145) ~[classes/:na]
	at com.hmall.cart.service.impl.CartServiceImpl.addItem2Cart(CartServiceImpl.java:59) ~[classes/:na]
	at com.hmall.cart.service.impl.CartServiceImpl$$FastClassBySpringCGLIB$$7813828f.invoke(<generated>) ~[classes/:na]
	at org.springframework.cglib.proxy.MethodProxy.invoke(MethodProxy.java:218) ~[spring-core-5.3.27.jar:5.3.27]
	at org.springframework.aop.framework.CglibAopProxy.invokeMethod(CglibAopProxy.java:386) ~[spring-aop-5.3.27.jar:5.3.27]
	at org.springframework.aop.framework.CglibAopProxy.access$000(CglibAopProxy.java:85) ~[spring-aop-5.3.27.jar:5.3.27]
	at org.springframework.aop.framework.CglibAopProxy$DynamicAdvisedInterceptor.intercept(CglibAopProxy.java:704) ~[spring-aop-5.3.27.jar:5.3.27]
	at com.hmall.cart.service.impl.CartServiceImpl$$EnhancerBySpringCGLIB$$294d4d99.addItem2Cart(<generated>) ~[classes/:na]
	at com.hmall.cart.controller.CartController.addItem2Cart(CartController.java:30) ~[classes/:na]
	at java.base/jdk.internal.reflect.NativeMethodAccessorImpl.invoke0(Native Method) ~[na:na]
	at java.base/jdk.internal.reflect.NativeMethodAccessorImpl.invoke(NativeMethodAccessorImpl.java:62) ~[na:na]
	at java.base/jdk.internal.reflect.DelegatingMethodAccessorImpl.invoke(DelegatingMethodAccessorImpl.java:43) ~[na:na]
	at java.base/java.lang.reflect.Method.invoke(Method.java:566) ~[na:na]
	at org.springframework.web.method.support.InvocableHandlerMethod.doInvoke(InvocableHandlerMethod.java:205) ~[spring-web-5.3.27.jar:5.3.27]
	at org.springframework.web.method.support.InvocableHandlerMethod.invokeForRequest(InvocableHandlerMethod.java:150) ~[spring-web-5.3.27.jar:5.3.27]
	at org.springframework.web.servlet.mvc.method.annotation.ServletInvocableHandlerMethod.invokeAndHandle(ServletInvocableHandlerMethod.java:117) ~[spring-webmvc-5.3.27.jar:5.3.27]
	at org.springframework.web.servlet.mvc.method.annotation.RequestMappingHandlerAdapter.invokeHandlerMethod(RequestMappingHandlerAdapter.java:895) ~[spring-webmvc-5.3.27.jar:5.3.27]
	at org.springframework.web.servlet.mvc.method.annotation.RequestMappingHandlerAdapter.handleInternal(RequestMappingHandlerAdapter.java:808) ~[spring-webmvc-5.3.27.jar:5.3.27]
	at org.springframework.web.servlet.mvc.method.AbstractHandlerMethodAdapter.handle(AbstractHandlerMethodAdapter.java:87) ~[spring-webmvc-5.3.27.jar:5.3.27]
	at org.springframework.web.servlet.DispatcherServlet.doDispatch(DispatcherServlet.java:1072) ~[spring-webmvc-5.3.27.jar:5.3.27]
	at org.springframework.web.servlet.DispatcherServlet.doService(DispatcherServlet.java:965) ~[spring-webmvc-5.3.27.jar:5.3.27]
	at org.springframework.web.servlet.FrameworkServlet.processRequest(FrameworkServlet.java:1006) ~[spring-webmvc-5.3.27.jar:5.3.27]
	at org.springframework.web.servlet.FrameworkServlet.doPost(FrameworkServlet.java:909) ~[spring-webmvc-5.3.27.jar:5.3.27]
	at javax.servlet.http.HttpServlet.service(HttpServlet.java:555) ~[tomcat-embed-core-9.0.75.jar:4.0.FR]
	at org.springframework.web.servlet.FrameworkServlet.service(FrameworkServlet.java:883) ~[spring-webmvc-5.3.27.jar:5.3.27]
	at javax.servlet.http.HttpServlet.service(HttpServlet.java:623) ~[tomcat-embed-core-9.0.75.jar:4.0.FR]
	at org.apache.catalina.core.ApplicationFilterChain.internalDoFilter(ApplicationFilterChain.java:209) ~[tomcat-embed-core-9.0.75.jar:9.0.75]
	at org.apache.catalina.core.ApplicationFilterChain.doFilter(ApplicationFilterChain.java:153) ~[tomcat-embed-core-9.0.75.jar:9.0.75]
	at org.apache.tomcat.websocket.server.WsFilter.doFilter(WsFilter.java:51) ~[tomcat-embed-websocket-9.0.75.jar:9.0.75]
	at org.apache.catalina.core.ApplicationFilterChain.internalDoFilter(ApplicationFilterChain.java:178) ~[tomcat-embed-core-9.0.75.jar:9.0.75]
	at org.apache.catalina.core.ApplicationFilterChain.doFilter(ApplicationFilterChain.java:153) ~[tomcat-embed-core-9.0.75.jar:9.0.75]
	at org.springframework.web.filter.RequestContextFilter.doFilterInternal(RequestContextFilter.java:100) ~[spring-web-5.3.27.jar:5.3.27]
	at org.springframework.web.filter.OncePerRequestFilter.doFilter(OncePerRequestFilter.java:117) ~[spring-web-5.3.27.jar:5.3.27]
	at org.apache.catalina.core.ApplicationFilterChain.internalDoFilter(ApplicationFilterChain.java:178) ~[tomcat-embed-core-9.0.75.jar:9.0.75]
	at org.apache.catalina.core.ApplicationFilterChain.doFilter(ApplicationFilterChain.java:153) ~[tomcat-embed-core-9.0.75.jar:9.0.75]
	at org.springframework.web.filter.FormContentFilter.doFilterInternal(FormContentFilter.java:93) ~[spring-web-5.3.27.jar:5.3.27]
	at org.springframework.web.filter.OncePerRequestFilter.doFilter(OncePerRequestFilter.java:117) ~[spring-web-5.3.27.jar:5.3.27]
	at org.apache.catalina.core.ApplicationFilterChain.internalDoFilter(ApplicationFilterChain.java:178) ~[tomcat-embed-core-9.0.75.jar:9.0.75]
	at org.apache.catalina.core.ApplicationFilterChain.doFilter(ApplicationFilterChain.java:153) ~[tomcat-embed-core-9.0.75.jar:9.0.75]
	at org.springframework.web.filter.CharacterEncodingFilter.doFilterInternal(CharacterEncodingFilter.java:201) ~[spring-web-5.3.27.jar:5.3.27]
	at org.springframework.web.filter.OncePerRequestFilter.doFilter(OncePerRequestFilter.java:117) ~[spring-web-5.3.27.jar:5.3.27]
	at org.apache.catalina.core.ApplicationFilterChain.internalDoFilter(ApplicationFilterChain.java:178) ~[tomcat-embed-core-9.0.75.jar:9.0.75]
	at org.apache.catalina.core.ApplicationFilterChain.doFilter(ApplicationFilterChain.java:153) ~[tomcat-embed-core-9.0.75.jar:9.0.75]
	at org.apache.catalina.core.StandardWrapperValve.invoke(StandardWrapperValve.java:167) ~[tomcat-embed-core-9.0.75.jar:9.0.75]
	at org.apache.catalina.core.StandardContextValve.invoke(StandardContextValve.java:90) ~[tomcat-embed-core-9.0.75.jar:9.0.75]
	at org.apache.catalina.authenticator.AuthenticatorBase.invoke(AuthenticatorBase.java:481) ~[tomcat-embed-core-9.0.75.jar:9.0.75]
	at org.apache.catalina.core.StandardHostValve.invoke(StandardHostValve.java:130) ~[tomcat-embed-core-9.0.75.jar:9.0.75]
	at org.apache.catalina.valves.ErrorReportValve.invoke(ErrorReportValve.java:93) ~[tomcat-embed-core-9.0.75.jar:9.0.75]
	at org.apache.catalina.core.StandardEngineValve.invoke(StandardEngineValve.java:74) ~[tomcat-embed-core-9.0.75.jar:9.0.75]
	at org.apache.catalina.connector.CoyoteAdapter.service(CoyoteAdapter.java:343) ~[tomcat-embed-core-9.0.75.jar:9.0.75]
	at org.apache.coyote.http11.Http11Processor.service(Http11Processor.java:390) ~[tomcat-embed-core-9.0.75.jar:9.0.75]
	at org.apache.coyote.AbstractProcessorLight.process(AbstractProcessorLight.java:63) ~[tomcat-embed-core-9.0.75.jar:9.0.75]
	at org.apache.coyote.AbstractProtocol$ConnectionHandler.process(AbstractProtocol.java:926) ~[tomcat-embed-core-9.0.75.jar:9.0.75]
	at org.apache.tomcat.util.net.NioEndpoint$SocketProcessor.doRun(NioEndpoint.java:1791) ~[tomcat-embed-core-9.0.75.jar:9.0.75]
	at org.apache.tomcat.util.net.SocketProcessorBase.run(SocketProcessorBase.java:52) ~[tomcat-embed-core-9.0.75.jar:9.0.75]
	at org.apache.tomcat.util.threads.ThreadPoolExecutor.runWorker(ThreadPoolExecutor.java:1191) ~[tomcat-embed-core-9.0.75.jar:9.0.75]
	at org.apache.tomcat.util.threads.ThreadPoolExecutor$Worker.run(ThreadPoolExecutor.java:659) ~[tomcat-embed-core-9.0.75.jar:9.0.75]
	at org.apache.tomcat.util.threads.TaskThread$WrappingRunnable.run(TaskThread.java:61) ~[tomcat-embed-core-9.0.75.jar:9.0.75]
	at java.base/java.lang.Thread.run(Thread.java:829) ~[na:na]

21:54:06:265 DEBUG 10400 --- [http-nio-8082-exec-2] c.h.cart.mapper.CartMapper.selectList    : ==>  Preparing: SELECT id,user_id,item_id,num,name,spec,price,image,create_time,update_time FROM cart WHERE (user_id = ?)
21:54:06:266 DEBUG 10400 --- [http-nio-8082-exec-2] c.h.cart.mapper.CartMapper.selectList    : ==> Parameters: 1(Long)
21:54:06:267 DEBUG 10400 --- [http-nio-8082-exec-2] c.h.cart.mapper.CartMapper.selectList    : <==      Total: 2
21:54:06:269 DEBUG 10400 --- [http-nio-8082-exec-2] com.hmall.api.client.ItemClient          : [ItemClient#queryItemByIds] ---> GET http://item-service/items?ids=100000006163&ids=100001511821 HTTP/1.1
21:54:06:269 DEBUG 10400 --- [http-nio-8082-exec-2] com.hmall.api.client.ItemClient          : [ItemClient#queryItemByIds] user-info: 1
21:54:06:269 DEBUG 10400 --- [http-nio-8082-exec-2] com.hmall.api.client.ItemClient          : [ItemClient#queryItemByIds] ---> END HTTP (0-byte body)
21:54:06:782 DEBUG 10400 --- [http-nio-8082-exec-2] com.hmall.api.client.ItemClient          : [ItemClient#queryItemByIds] <--- HTTP/1.1 200  (512ms)
21:54:06:782 DEBUG 10400 --- [http-nio-8082-exec-2] com.hmall.api.client.ItemClient          : [ItemClient#queryItemByIds] connection: keep-alive
21:54:06:782 DEBUG 10400 --- [http-nio-8082-exec-2] com.hmall.api.client.ItemClient          : [ItemClient#queryItemByIds] content-type: application/json
21:54:06:782 DEBUG 10400 --- [http-nio-8082-exec-2] com.hmall.api.client.ItemClient          : [ItemClient#queryItemByIds] date: Thu, 18 Dec 2025 13:54:06 GMT
21:54:06:782 DEBUG 10400 --- [http-nio-8082-exec-2] com.hmall.api.client.ItemClient          : [ItemClient#queryItemByIds] keep-alive: timeout=60
21:54:06:782 DEBUG 10400 --- [http-nio-8082-exec-2] com.hmall.api.client.ItemClient          : [ItemClient#queryItemByIds] transfer-encoding: chunked
21:54:06:782 DEBUG 10400 --- [http-nio-8082-exec-2] com.hmall.api.client.ItemClient          : [ItemClient#queryItemByIds] 
21:54:06:782 DEBUG 10400 --- [http-nio-8082-exec-2] com.hmall.api.client.ItemClient          : [ItemClient#queryItemByIds] [{"id":"100000006163","name":"巴布豆(BOBDOG)柔薄悦动婴儿拉拉裤XXL码80片(15kg以上)","price":67100,"stock":10000,"image":"https://m.360buyimg.com/mobilecms/s720x720_jfs/t23998/350/2363990466/222391/a6e9581d/5b7cba5bN0c18fb4f.jpg!q70.jpg.webp","category":"拉拉裤","brand":"巴布豆","spec":"{}","sold":11,"commentCount":33343434,"isAD":false,"status":2},{"id":"100001511821","name":"HMDIME 牛仔背带裤女2018秋冬新品 韩版学院风潮流百搭弹力修身补丁学生吊带长裤女 AXNZ369 深蓝 30","price":13700,"stock":9995,"image":"https://m.360buyimg.com/mobilecms/s720x720_jfs/t30892/263/313055374/557791/c98e9abc/5bef811aN036f7c3b.jpg!q70.jpg.webp","category":"牛仔裤","brand":"HMDIME","spec":"{\"颜色\": \"蓝色\", \"尺码\": \"30\"}","sold":0,"commentCount":0,"isAD":false,"status":1}]
21:54:06:783 DEBUG 10400 --- [http-nio-8082-exec-2] com.hmall.api.client.ItemClient          : [ItemClient#queryItemByIds] <--- END HTTP (829-byte body)
21:56:26:454  INFO 10400 --- [nacos-grpc-client-executor-766] com.alibaba.nacos.common.remote.client   : [925d95d3-4d3b-464c-8825-eaa58c8e3393] Receive server push request, request = NotifySubscriberRequest, requestId = 61
21:56:26:502  INFO 10400 --- [nacos-grpc-client-executor-766] com.alibaba.nacos.common.remote.client   : [925d95d3-4d3b-464c-8825-eaa58c8e3393] Ack server push request, request = NotifySubscriberRequest, requestId = 61
21:56:44:630  INFO 10400 --- [nacos-grpc-client-executor-770] com.alibaba.nacos.common.remote.client   : [925d95d3-4d3b-464c-8825-eaa58c8e3393] Receive server push request, request = NotifySubscriberRequest, requestId = 67
21:56:44:636  INFO 10400 --- [nacos-grpc-client-executor-770] com.alibaba.nacos.common.remote.client   : [925d95d3-4d3b-464c-8825-eaa58c8e3393] Ack server push request, request = NotifySubscriberRequest, requestId = 67
22:01:40:455  WARN 10400 --- [Thread-5] c.a.nacos.common.notify.NotifyCenter     : [NotifyCenter] Start destroying Publisher
22:01:40:457  WARN 10400 --- [Thread-1] c.a.n.common.http.HttpClientBeanHolder   : [HttpClientBeanHolder] Start destroying common HttpClient
22:01:40:463  WARN 10400 --- [Thread-5] c.a.nacos.common.notify.NotifyCenter     : [NotifyCenter] Destruction of the end
22:01:40:486  WARN 10400 --- [Thread-1] c.a.n.common.http.HttpClientBeanHolder   : [HttpClientBeanHolder] Destruction of the end
22:01:40:576  INFO 10400 --- [org.springframework.amqp.rabbit.RabbitListenerEndpointContainer#0-2] o.s.a.r.l.SimpleMessageListenerContainer : Waiting for workers to finish.
22:01:40:925  INFO 10400 --- [org.springframework.amqp.rabbit.RabbitListenerEndpointContainer#0-2] o.s.a.r.l.SimpleMessageListenerContainer : Successfully waited for workers to finish.
22:01:41:282  INFO 10400 --- [SpringContextShutdownHook] c.a.c.n.registry.NacosServiceRegistry    : De-registering from Nacos Server now...
22:01:41:286  INFO 10400 --- [SpringContextShutdownHook] c.a.c.n.registry.NacosServiceRegistry    : De-registration finished.
22:01:41:616  INFO 10400 --- [SpringContextShutdownHook] com.alibaba.nacos.common.remote.client   : Shutdown rpc client, set status to shutdown
22:01:41:616  INFO 10400 --- [SpringContextShutdownHook] com.alibaba.nacos.common.remote.client   : Shutdown client event executor java.util.concurrent.ScheduledThreadPoolExecutor@7dc36cab[Running, pool size = 2, active threads = 2, queued tasks = 0, completed tasks = 0]
22:01:41:618  INFO 10400 --- [SpringContextShutdownHook] com.alibaba.nacos.common.remote.client   : Close current connection 1766062577796_192.168.23.1_57626
22:01:41:623  INFO 10400 --- [nacos-grpc-client-executor-834] c.a.n.c.remote.client.grpc.GrpcClient    : [1766062577796_192.168.23.1_57626]Ignore complete event,isRunning:false,isAbandon=false
22:01:41:639  INFO 10400 --- [SpringContextShutdownHook] c.a.n.c.remote.client.grpc.GrpcClient    : Shutdown grpc executor java.util.concurrent.ThreadPoolExecutor@65dfc67d[Running, pool size = 4, active threads = 0, queued tasks = 0, completed tasks = 835]
22:01:41:650  INFO 10400 --- [SpringContextShutdownHook] com.zaxxer.hikari.HikariDataSource       : HikariPool-1 - Shutdown initiated...
22:01:41:672  INFO 10400 --- [SpringContextShutdownHook] com.zaxxer.hikari.HikariDataSource       : HikariPool-1 - Shutdown completed.
22:01:41:684  INFO 10400 --- [SpringContextShutdownHook] o.s.a.r.l.SimpleMessageListenerContainer : Shutdown ignored - container is already stopped
22:01:41:715  INFO 10400 --- [NettyClientSelector_RMROLE_1_1] i.s.c.r.n.AbstractNettyRemotingClient    : channel inactive: [id: 0xe3445236, L:/192.168.23.1:64470 ! R:/192.168.23.128:8099]
22:01:41:716  INFO 10400 --- [NettyClientSelector_RMROLE_1_1] i.s.c.r.netty.NettyClientChannelManager  : return to pool, rm channel:[id: 0xe3445236, L:/192.168.23.1:64470 ! R:/192.168.23.128:8099]
22:01:41:720  INFO 10400 --- [NettyClientSelector_RMROLE_1_1] i.s.core.rpc.netty.NettyPoolableFactory  : channel valid false,channel:[id: 0xe3445236, L:/192.168.23.1:64470 ! R:/192.168.23.128:8099]
22:01:41:720  INFO 10400 --- [NettyClientSelector_RMROLE_1_1] i.s.core.rpc.netty.NettyPoolableFactory  : will destroy channel:[id: 0xe3445236, L:/192.168.23.1:64470 ! R:/192.168.23.128:8099]
22:01:41:721  INFO 10400 --- [NettyClientSelector_RMROLE_1_1] i.s.c.r.n.AbstractNettyRemotingClient    : ChannelHandlerContext(AbstractNettyRemotingClient$ClientHandler#0, [id: 0xe3445236, L:/192.168.23.1:64470 ! R:/192.168.23.128:8099]) will closed
22:01:41:722  INFO 10400 --- [NettyClientSelector_RMROLE_1_1] i.s.c.r.n.AbstractNettyRemotingClient    : ChannelHandlerContext(AbstractNettyRemotingClient$ClientHandler#0, [id: 0xe3445236, L:/192.168.23.1:64470 ! R:/192.168.23.128:8099]) will closed
